Component: ARM Compiler 5.06 update 1 (build 61) Tool: armlink [4d35a8]

==============================================================================

Section Cross References

    startup_stm32l051xx.o(RESET) refers to startup_stm32l051xx.o(STACK) for __initial_sp
    startup_stm32l051xx.o(RESET) refers to startup_stm32l051xx.o(.text) for Reset_Handler
    startup_stm32l051xx.o(RESET) refers to stm32l0xx_it.o(i.NMI_Handler) for NMI_Handler
    startup_stm32l051xx.o(RESET) refers to stm32l0xx_it.o(i.HardFault_Handler) for HardFault_Handler
    startup_stm32l051xx.o(RESET) refers to stm32l0xx_it.o(i.SysTick_Handler) for SysTick_Handler
    startup_stm32l051xx.o(RESET) refers to stm32l0xx_it.o(i.WWDG_IRQHandler) for WWDG_IRQHandler
    startup_stm32l051xx.o(RESET) refers to stm32l0xx_it.o(i.EXTI4_15_IRQHandler) for EXTI4_15_IRQHandler
    startup_stm32l051xx.o(RESET) refers to stm32l0xx_it.o(i.DMA1_Channel1_IRQHandler) for DMA1_Channel1_IRQHandler
    startup_stm32l051xx.o(RESET) refers to stm32l0xx_it.o(i.DMA1_Channel4_5_6_7_IRQHandler) for DMA1_Channel4_5_6_7_IRQHandler
    startup_stm32l051xx.o(RESET) refers to stm32l0xx_it.o(i.ADC1_COMP_IRQHandler) for ADC1_COMP_IRQHandler
    startup_stm32l051xx.o(RESET) refers to stm32l0xx_it.o(i.TIM2_IRQHandler) for TIM2_IRQHandler
    startup_stm32l051xx.o(RESET) refers to stm32l0xx_it.o(i.SPI1_IRQHandler) for SPI1_IRQHandler
    startup_stm32l051xx.o(RESET) refers to stm32l0xx_it.o(i.SPI2_IRQHandler) for SPI2_IRQHandler
    startup_stm32l051xx.o(RESET) refers to stm32l0xx_it.o(i.LPUART1_IRQHandler) for LPUART1_IRQHandler
    startup_stm32l051xx.o(.text) refers to system_stm32l0xx.o(i.SystemInit) for SystemInit
    startup_stm32l051xx.o(.text) refers to entry.o(.ARM.Collect$$$$00000000) for __main
    system_stm32l0xx.o(i.SystemCoreClockUpdate) refers to uidiv.o(.text) for __aeabi_uidivmod
    system_stm32l0xx.o(i.SystemCoreClockUpdate) refers to system_stm32l0xx.o(.data) for .data
    system_stm32l0xx.o(i.SystemCoreClockUpdate) refers to system_stm32l0xx.o(.constdata) for .constdata
    stm32l0xx_it.o(i.ADC1_COMP_IRQHandler) refers to stm32l0xx_hal_adc.o(i.HAL_ADC_IRQHandler) for HAL_ADC_IRQHandler
    stm32l0xx_it.o(i.ADC1_COMP_IRQHandler) refers to main.o(.bss) for hadc
    stm32l0xx_it.o(i.DMA1_Channel1_IRQHandler) refers to stm32l0xx_hal_dma.o(i.HAL_DMA_IRQHandler) for HAL_DMA_IRQHandler
    stm32l0xx_it.o(i.DMA1_Channel1_IRQHandler) refers to main.o(.bss) for hdma_adc
    stm32l0xx_it.o(i.DMA1_Channel4_5_6_7_IRQHandler) refers to stm32l0xx_hal_dma.o(i.HAL_DMA_IRQHandler) for HAL_DMA_IRQHandler
    stm32l0xx_it.o(i.DMA1_Channel4_5_6_7_IRQHandler) refers to main.o(.bss) for hdma_lpuart1_tx
    stm32l0xx_it.o(i.EXTI4_15_IRQHandler) refers to stm32l0xx_hal_gpio.o(i.HAL_GPIO_EXTI_IRQHandler) for HAL_GPIO_EXTI_IRQHandler
    stm32l0xx_it.o(i.EXTI4_15_IRQHandler) refers to shakesensor_app.o(i.ADXL375_INT1_IRQHandler) for ADXL375_INT1_IRQHandler
    stm32l0xx_it.o(i.EXTI4_15_IRQHandler) refers to shakesensor_app.o(.data) for Adx375_trigger_flag
    stm32l0xx_it.o(i.EXTI4_15_IRQHandler) refers to shakesensor_app.o(.data) for Shake_times
    stm32l0xx_it.o(i.LPUART1_IRQHandler) refers to stm32l0xx_hal_uart.o(i.HAL_UART_IRQHandler) for HAL_UART_IRQHandler
    stm32l0xx_it.o(i.LPUART1_IRQHandler) refers to main.o(.bss) for hlpuart1
    stm32l0xx_it.o(i.SPI1_IRQHandler) refers to stm32l0xx_hal_spi.o(i.HAL_SPI_IRQHandler) for HAL_SPI_IRQHandler
    stm32l0xx_it.o(i.SPI1_IRQHandler) refers to main.o(.bss) for hspi1
    stm32l0xx_it.o(i.SPI2_IRQHandler) refers to stm32l0xx_hal_spi.o(i.HAL_SPI_IRQHandler) for HAL_SPI_IRQHandler
    stm32l0xx_it.o(i.SPI2_IRQHandler) refers to main.o(.bss) for hspi2
    stm32l0xx_it.o(i.SysTick_Handler) refers to stm32l0xx_hal.o(i.HAL_IncTick) for HAL_IncTick
    stm32l0xx_it.o(i.SysTick_Handler) refers to stm32l0xx_hal_cortex.o(i.HAL_SYSTICK_IRQHandler) for HAL_SYSTICK_IRQHandler
    stm32l0xx_it.o(i.TIM2_IRQHandler) refers to stm32l0xx_hal_tim.o(i.HAL_TIM_IRQHandler) for HAL_TIM_IRQHandler
    stm32l0xx_it.o(i.TIM2_IRQHandler) refers to main.o(.bss) for htim2
    stm32l0xx_it.o(i.WWDG_IRQHandler) refers to stm32l0xx_hal_wwdg.o(i.HAL_WWDG_IRQHandler) for HAL_WWDG_IRQHandler
    stm32l0xx_it.o(i.WWDG_IRQHandler) refers to main.o(.bss) for hwwdg
    stm32l0xx_hal_msp.o(i.HAL_ADC_MspDeInit) refers to stm32l0xx_hal_gpio.o(i.HAL_GPIO_DeInit) for HAL_GPIO_DeInit
    stm32l0xx_hal_msp.o(i.HAL_ADC_MspDeInit) refers to stm32l0xx_hal_dma.o(i.HAL_DMA_DeInit) for HAL_DMA_DeInit
    stm32l0xx_hal_msp.o(i.HAL_ADC_MspDeInit) refers to stm32l0xx_hal_cortex.o(i.HAL_NVIC_DisableIRQ) for HAL_NVIC_DisableIRQ
    stm32l0xx_hal_msp.o(i.HAL_ADC_MspInit) refers to stm32l0xx_hal_gpio.o(i.HAL_GPIO_Init) for HAL_GPIO_Init
    stm32l0xx_hal_msp.o(i.HAL_ADC_MspInit) refers to stm32l0xx_hal_dma.o(i.HAL_DMA_Init) for HAL_DMA_Init
    stm32l0xx_hal_msp.o(i.HAL_ADC_MspInit) refers to main.o(.bss) for hdma_adc
[...]
    i.HAL_DMA_Init                           0x080013e4   Section        0  stm32l0xx_hal_dma.o(i.HAL_DMA_Init)
    i.HAL_Delay                              0x080014ec   Section        0  stm32l0xx_hal.o(i.HAL_Delay)
    i.HAL_GPIO_DeInit                        0x08001504   Section        0  stm32l0xx_hal_gpio.o(i.HAL_GPIO_DeInit)
    i.HAL_GPIO_EXTI_Callback                 0x080015e8   Section        0  stm32l0xx_hal_gpio.o(i.HAL_GPIO_EXTI_Callback)
    i.HAL_GPIO_EXTI_IRQHandler               0x080015ec   Section        0  stm32l0xx_hal_gpio.o(i.HAL_GPIO_EXTI_IRQHandler)
    i.HAL_GPIO_Init                          0x08001604   Section        0  stm32l0xx_hal_gpio.o(i.HAL_GPIO_Init)
    i.HAL_GPIO_ReadPin                       0x0800177c   Section        0  stm32l0xx_hal_gpio.o(i.HAL_GPIO_ReadPin)
    i.HAL_GPIO_WritePin                      0x08001786   Section        0  stm32l0xx_hal_gpio.o(i.HAL_GPIO_WritePin)
    i.HAL_GetTick                            0x08001794   Section        0  stm32l0xx_hal.o(i.HAL_GetTick)
    i.HAL_I2CEx_ConfigAnalogFilter           0x080017a0   Section        0  stm32l0xx_hal_i2c_ex.o(i.HAL_I2CEx_ConfigAnalogFilter)
    i.HAL_I2C_GetError                       0x08001800   Section        0  stm32l0xx_hal_i2c.o(i.HAL_I2C_GetError)
    i.HAL_I2C_Init                           0x08001804   Section        0  stm32l0xx_hal_i2c.o(i.HAL_I2C_Init)
    i.HAL_I2C_Master_Receive                 0x080018a8   Section        0  stm32l0xx_hal_i2c.o(i.HAL_I2C_Master_Receive)
    i.HAL_I2C_Master_Transmit                0x08001994   Section        0  stm32l0xx_hal_i2c.o(i.HAL_I2C_Master_Transmit)
    i.HAL_I2C_MspInit                        0x08001a80   Section        0  stm32l0xx_hal_msp.o(i.HAL_I2C_MspInit)
    i.HAL_IncTick                            0x08001aec   Section        0  stm32l0xx_hal.o(i.HAL_IncTick)
    i.HAL_Init                               0x08001afc   Section        0  stm32l0xx_hal.o(i.HAL_Init)
    i.HAL_InitTick                           0x08001b1c   Section        0  stm32l0xx_hal.o(i.HAL_InitTick)
    i.HAL_MspInit                            0x08001b40   Section        0  stm32l0xx_hal_msp.o(i.HAL_MspInit)
    i.HAL_NVIC_DisableIRQ                    0x08001b5c   Section        0  stm32l0xx_hal_cortex.o(i.HAL_NVIC_DisableIRQ)
    i.HAL_NVIC_EnableIRQ                     0x08001b70   Section        0  stm32l0xx_hal_cortex.o(i.HAL_NVIC_EnableIRQ)
    i.HAL_NVIC_SetPriority                   0x08001b84   Section        0  stm32l0xx_hal_cortex.o(i.HAL_NVIC_SetPriority)
    i.HAL_RCCEx_PeriphCLKConfig              0x08001b8c   Section        0  stm32l0xx_hal_rcc_ex.o(i.HAL_RCCEx_PeriphCLKConfig)
    i.HAL_RCC_ClockConfig                    0x08001cd8   Section        0  stm32l0xx_hal_rcc.o(i.HAL_RCC_ClockConfig)
    i.HAL_RCC_GetHCLKFreq                    0x08001e24   Section        0  stm32l0xx_hal_rcc.o(i.HAL_RCC_GetHCLKFreq)
    i.HAL_RCC_GetPCLK1Freq                   0x08001e4c   Section        0  stm32l0xx_hal_rcc.o(i.HAL_RCC_GetPCLK1Freq)
    i.HAL_RCC_GetPCLK2Freq                   0x08001e6c   Section        0  stm32l0xx_hal_rcc.o(i.HAL_RCC_GetPCLK2Freq)
    i.HAL_RCC_GetSysClockFreq                0x08001e8c   Section        0  stm32l0xx_hal_rcc.o(i.HAL_RCC_GetSysClockFreq)
    i.HAL_RCC_OscConfig                      0x08001f08   Section        0  stm32l0xx_hal_rcc.o(i.HAL_RCC_OscConfig)
    i.HAL_RTCEx_SetCalibrationOutPut         0x080022bc   Section        0  stm32l0xx_hal_rtc_ex.o(i.HAL_RTCEx_SetCalibrationOutPut)
    i.HAL_RTCEx_SetWakeUpTimer               0x0800230a   Section        0  stm32l0xx_hal_rtc_ex.o(i.HAL_RTCEx_SetWakeUpTimer)
    i.HAL_RTC_Init                           0x080023d0   Section        0  stm32l0xx_hal_rtc.o(i.HAL_RTC_Init)
    i.HAL_RTC_MspInit                        0x08002474   Section        0  stm32l0xx_hal_msp.o(i.HAL_RTC_MspInit)
    i.HAL_RTC_SetDate                        0x08002494   Section        0  stm32l0xx_hal_rtc.o(i.HAL_RTC_SetDate)
    i.HAL_RTC_SetTime                        0x08002560   Section        0  stm32l0xx_hal_rtc.o(i.HAL_RTC_SetTime)
    i.HAL_RTC_WaitForSynchro                 0x08002650   Section        0  stm32l0xx_hal_rtc.o(i.HAL_RTC_WaitForSynchro)
    i.HAL_SPI_ErrorCallback                  0x08002684   Section        0  stm32l0xx_hal_spi.o(i.HAL_SPI_ErrorCallback)
    i.HAL_SPI_IRQHandler                     0x08002686   Section        0  stm32l0xx_hal_spi.o(i.HAL_SPI_IRQHandler)
    i.HAL_SPI_Init                           0x08002748   Section        0  stm32l0xx_hal_spi.o(i.HAL_SPI_Init)
    i.HAL_SPI_MspDeInit                      0x080027cc   Section        0  stm32l0xx_hal_msp.o(i.HAL_SPI_MspDeInit)
    i.HAL_SPI_MspInit                        0x08002820   Section        0  stm32l0xx_hal_msp.o(i.HAL_SPI_MspInit)
    i.HAL_SPI_Receive                        0x080028a8   Section        0  stm32l0xx_hal_spi.o(i.HAL_SPI_Receive)
    i.HAL_SPI_Receive_IT                     0x08002a7c   Section        0  stm32l0xx_hal_spi.o(i.HAL_SPI_Receive_IT)
    i.HAL_SPI_RxCpltCallback                 0x08002b28   Section        0  stm32l0xx_hal_spi.o(i.HAL_SPI_RxCpltCallback)
    i.HAL_SPI_Transmit                       0x08002b2a   Section        0  stm32l0xx_hal_spi.o(i.HAL_SPI_Transmit)
    i.HAL_SPI_TransmitReceive                0x08002c7a   Section        0  stm32l0xx_hal_spi.o(i.HAL_SPI_TransmitReceive)
    i.HAL_SPI_TransmitReceive_IT             0x08002f34   Section        0  stm32l0xx_hal_spi.o(i.HAL_SPI_TransmitReceive_IT)
    i.HAL_SPI_Transmit_IT                    0x08002fd8   Section        0  stm32l0xx_hal_spi.o(i.HAL_SPI_Transmit_IT)
    i.HAL_SPI_TxCpltCallback                 0x08003078   Section        0  stm32l0xx_hal_spi.o(i.HAL_SPI_TxCpltCallback)
    i.HAL_SPI_TxRxCpltCallback               0x0800307a   Section        0  stm32l0xx_hal_spi.o(i.HAL_SPI_TxRxCpltCallback)
    i.HAL_SYSTICK_CLKSourceConfig            0x0800307c   Section        0  stm32l0xx_hal_cortex.o(i.HAL_SYSTICK_CLKSourceConfig)
    i.HAL_SYSTICK_Callback                   0x08003094   Section        0  stm32l0xx_hal_cortex.o(i.HAL_SYSTICK_Callback)
    i.HAL_SYSTICK_Config                     0x08003098   Section        0  stm32l0xx_hal_cortex.o(i.HAL_SYSTICK_Config)
    i.HAL_SYSTICK_IRQHandler                 0x080030c8   Section        0  stm32l0xx_hal_cortex.o(i.HAL_SYSTICK_IRQHandler)
    i.HAL_TIMEx_MasterConfigSynchronization  0x080030d0   Section        0  stm32l0xx_hal_tim_ex.o(i.HAL_TIMEx_MasterConfigSynchronization)
    i.HAL_TIM_Base_Init                      0x08003118   Section        0  stm32l0xx_hal_tim.o(i.HAL_TIM_Base_Init)
    i.HAL_TIM_Base_MspInit                   0x0800314c   Section        0  stm32l0xx_hal_msp.o(i.HAL_TIM_Base_MspInit)
    i.HAL_TIM_Base_Start_IT                  0x08003178   Section        0  stm32l0xx_hal_tim.o(i.HAL_TIM_Base_Start_IT)
    i.HAL_TIM_ConfigClockSource              0x0800318e   Section        0  stm32l0xx_hal_tim.o(i.HAL_TIM_ConfigClockSource)
    i.HAL_TIM_IC_CaptureCallback             0x0800327c   Section        0  stm32l0xx_hal_tim.o(i.HAL_TIM_IC_CaptureCallback)
    i.HAL_TIM_IRQHandler                     0x0800327e   Section        0  stm32l0xx_hal_tim.o(i.HAL_TIM_IRQHandler)
    i.HAL_TIM_OC_DelayElapsedCallback        0x080033a2   Section        0  stm32l0xx_hal_tim.o(i.HAL_TIM_OC_DelayElapsedCallback)
    i.HAL_TIM_PWM_PulseFinishedCallback      0x080033a4   Section        0  stm32l0xx_hal_tim.o(i.HAL_TIM_PWM_PulseFinishedCallback)
    i.HAL_TIM_TriggerCallback                0x080033a6   Section        0  stm32l0xx_hal_tim.o(i.HAL_TIM_TriggerCallback)
    i.HAL_UARTEx_WakeupCallback              0x080033a8   Section        0  stm32l0xx_hal_uart_ex.o(i.HAL_UARTEx_WakeupCallback)
    i.HAL_UART_ErrorCallback                 0x080033aa   Section        0  stm32l0xx_hal_uart.o(i.HAL_UART_ErrorCallback)
    i.HAL_UART_IRQHandler                    0x080033ac   Section        0  stm32l0xx_hal_uart.o(i.HAL_UART_IRQHandler)
    i.HAL_UART_Init                          0x0800349c   Section        0  stm32l0xx_hal_uart.o(i.HAL_UART_Init)
    i.HAL_UART_MspInit                       0x08003504   Section        0  stm32l0xx_hal_msp.o(i.HAL_UART_MspInit)
    i.HAL_UART_Receive_IT                    0x0800357c   Section        0  stm32l0xx_hal_uart.o(i.HAL_UART_Receive_IT)
    i.HAL_UART_RxCpltCallback                0x08003628   Section        0  stm32l0xx_hal_uart.o(i.HAL_UART_RxCpltCallback)
    i.HAL_UART_Transmit_IT                   0x080036ac   Section        0  stm32l0xx_hal_uart.o(i.HAL_UART_Transmit_IT)
    i.HAL_UART_TxCpltCallback                0x08003710   Section        0  stm32l0xx_hal_uart.o(i.HAL_UART_TxCpltCallback)
    i.HAL_WWDG_IRQHandler                    0x08003712   Section        0  stm32l0xx_hal_wwdg.o(i.HAL_WWDG_IRQHandler)
    i.HAL_WWDG_Init                          0x08003738   Section        0  stm32l0xx_hal_wwdg.o(i.HAL_WWDG_Init)
    i.HAL_WWDG_MspInit                       0x08003790   Section        0  stm32l0xx_hal_msp.o(i.HAL_WWDG_MspInit)
    i.HAL_WWDG_WakeupCallback                0x080037c0   Section        0  stm32l0xx_hal_wwdg.o(i.HAL_WWDG_WakeupCallback)
    i.HMC5883L_Get                           0x080037c4   Section        0  shakesensor_app.o(i.HMC5883L_Get)
    i.HMC5883L_Init                          0x0800382c   Section        0  shakesensor_app.o(i.HMC5883L_Init)
    i.HardFault_Handler                      0x080038fc   Section        0  stm32l0xx_it.o(i.HardFault_Handler)
    i.I2C_IsAcknowledgeFailed                0x08003900   Section        0  stm32l0xx_hal_i2c.o(i.I2C_IsAcknowledgeFailed)
    I2C_IsAcknowledgeFailed                  0x08003901   Thumb Code   156  stm32l0xx_hal_i2c.o(i.I2C_IsAcknowledgeFailed)
    i.I2C_TransferConfig                     0x080039a0   Section        0  stm32l0xx_hal_i2c.o(i.I2C_TransferConfig)
    I2C_TransferConfig                       0x080039a1   Thumb Code    30  stm32l0xx_hal_i2c.o(i.I2C_TransferConfig)
    i.I2C_WaitOnFlagUntilTimeout             0x080039c4   Section        0  stm32l0xx_hal_i2c.o(i.I2C_WaitOnFlagUntilTimeout)
    I2C_WaitOnFlagUntilTimeout               0x080039c5   Thumb Code   112  stm32l0xx_hal_i2c.o(i.I2C_WaitOnFlagUntilTimeout)
    i.I2C_WaitOnRXNEFlagUntilTimeout         0x08003a34   Section        0  stm32l0xx_hal_i2c.o(i.I2C_WaitOnRXNEFlagUntilTimeout)
    I2C_WaitOnRXNEFlagUntilTimeout           0x08003a35   Thumb Code   122  stm32l0xx_hal_i2c.o(i.I2C_WaitOnRXNEFlagUntilTimeout)
    i.I2C_WaitOnSTOPFlagUntilTimeout         0x08003ab4   Section        0  stm32l0xx_hal_i2c.o(i.I2C_WaitOnSTOPFlagUntilTimeout)
    I2C_WaitOnSTOPFlagUntilTimeout           0x08003ab5   Thumb Code    80  stm32l0xx_hal_i2c.o(i.I2C_WaitOnSTOPFlagUntilTimeout)
    i.I2C_WaitOnTXISFlagUntilTimeout         0x08003b04   Section        0  stm32l0xx_hal_i2c.o(i.I2C_WaitOnTXISFlagUntilTimeout)
    I2C_WaitOnTXISFlagUntilTimeout           0x08003b05   Thumb Code    84  stm32l0xx_hal_i2c.o(i.I2C_WaitOnTXISFlagUntilTimeout)
    i.Init_L3GD20H                           0x08003b58   Section        0  shakesensor_app.o(i.Init_L3GD20H)
    i.Key_Check                              0x08003d38   Section        0  shakesensor_app.o(i.Key_Check)
    i.L3GD20H_GET                            0x08003d88   Section        0  shakesensor_app.o(i.L3GD20H_GET)
    i.L3GD20H_SPI2_ReadNbytes                0x08003dc0   Section        0  shakesensor_app.o(i.L3GD20H_SPI2_ReadNbytes)
    i.L3GD20H_SPI2_Wr_1_bytes                0x08003e04   Section        0  shakesensor_app.o(i.L3GD20H_SPI2_Wr_1_bytes)
    i.L3GD20H_WhoAmI_check                   0x08003e40   Section        0  shakesensor_app.o(i.L3GD20H_WhoAmI_check)
    i.LPUART1_IRQHandler                     0x08003e84   Section        0  stm32l0xx_it.o(i.LPUART1_IRQHandler)
    i.MX_ADC_Init                            0x08003e94   Section        0  main.o(i.MX_ADC_Init)
    i.MX_DMA_Init                            0x08003ee8   Section        0  main.o(i.MX_DMA_Init)
    i.MX_GPIO_Init                           0x08003f10   Section        0  main.o(i.MX_GPIO_Init)
    i.MX_I2C1_Init                           0x0800402c   Section        0  main.o(i.MX_I2C1_Init)
    i.MX_I2C2_Init                           0x08004064   Section        0  main.o(i.MX_I2C2_Init)
    i.MX_LPUART1_UART_Init                   0x0800409c   Section        0  main.o(i.MX_LPUART1_UART_Init)
    i.MX_NVIC_Init                           0x080040d8   Section        0  main.o(i.MX_NVIC_Init)
    i.MX_RTC_Init                            0x0800416c   Section        0  main.o(i.MX_RTC_Init)
    i.MX_SPI1_Init                           0x080041dc   Section        0  main.o(i.MX_SPI1_Init)
    i.MX_SPI2_Init_ADXL375                   0x08004218   Section        0  main.o(i.MX_SPI2_Init_ADXL375)
    i.MX_SPI2_Init_L3GD20H                   0x08004254   Section        0  main.o(i.MX_SPI2_Init_L3GD20H)
    i.MX_TIM2_Init                           0x08004290   Section        0  main.o(i.MX_TIM2_Init)
    i.MX_WWDG_Init                           0x080042d0   Section        0  main.o(i.MX_WWDG_Init)
    i.NMI_Handler                            0x080042f0   Section        0  stm32l0xx_it.o(i.NMI_Handler)
    i.NVIC_SetPriority                       0x080042f4   Section        0  stm32l0xx_hal_cortex.o(i.NVIC_SetPriority)
    NVIC_SetPriority                         0x080042f5   Thumb Code    60  stm32l0xx_hal_cortex.o(i.NVIC_SetPriority)
    i.Output_Data                            0x08004338   Section        0  main.o(i.Output_Data)
    i.Protocol7E_Decode                      0x0800434c   Section        0  shakesensor_app.o(i.Protocol7E_Decode)
    i.Protocol7E_Encode                      0x0800438a   Section        0  shakesensor_app.o(i.Protocol7E_Encode)
    i.RTC8564_Get                            0x080043c4   Section        0  shakesensor_app.o(i.RTC8564_Get)
    i.RTC8564_Init                           0x080044d0   Section        0  shakesensor_app.o(i.RTC8564_Init)
    i.RTC8564_Set                            0x08004580   Section        0  shakesensor_app.o(i.RTC8564_Set)
    i.RTC_Bcd2ToByte                         0x080047e4   Section        0  stm32l0xx_hal_rtc.o(i.RTC_Bcd2ToByte)
    i.RTC_ByteToBcd2                         0x080047f4   Section        0  stm32l0xx_hal_rtc.o(i.RTC_ByteToBcd2)
    i.RTC_EnterInitMode                      0x0800480a   Section        0  stm32l0xx_hal_rtc.o(i.RTC_EnterInitMode)
    i.Rx_CMD_process                         0x08004844   Section        0  shakesensor_app.o(i.Rx_CMD_process)
    i.SHK_Check_EventHppen_Again             0x08004bac   Section        0  shakesensor_app.o(i.SHK_Check_EventHppen_Again)
    i.SHK_Event_SaveEnd                      0x08004c00   Section        0  shakesensor_app.o(i.SHK_Event_SaveEnd)
    i.SHK_OutPut_AllEvent_Protocol           0x08004ca4   Section        0  shakesensor_app.o(i.SHK_OutPut_AllEvent_Protocol)
    i.SHK_OutPut_OneEvent_Protocol           0x08004d34   Section        0  shakesensor_app.o(i.SHK_OutPut_OneEvent_Protocol)
    i.SHK_SampleData_TrigEnable              0x08004e28   Section        0  shakesensor_app.o(i.SHK_SampleData_TrigEnable)
    i.SHK_SaveData_Checking                  0x08004e40   Section        0  shakesensor_app.o(i.SHK_SaveData_Checking)
    i.SHK_SaveData_Output                    0x08004fb0   Section        0  shakesensor_app.o(i.SHK_SaveData_Output)
    i.SHK_Sensor_data_Get                    0x08005050   Section        0  shakesensor_app.o(i.SHK_Sensor_data_Get)
    i.SPI1_IRQHandler                        0x08005060   Section        0  stm32l0xx_it.o(i.SPI1_IRQHandler)
    i.SPI2_IRQHandler                        0x08005070   Section        0  stm32l0xx_it.o(i.SPI2_IRQHandler)
    i.SPI_2LinesRxISR                        0x08005080   Section        0  stm32l0xx_hal_spi.o(i.SPI_2LinesRxISR)
    SPI_2LinesRxISR                          0x08005081   Thumb Code    48  stm32l0xx_hal_spi.o(i.SPI_2LinesRxISR)
    i.SPI_RxCloseIRQHandler                  0x080050b0   Section        0  stm32l0xx_hal_spi.o(i.SPI_RxCloseIRQHandler)
    SPI_RxCloseIRQHandler                    0x080050b1   Thumb Code   208  stm32l0xx_hal_spi.o(i.SPI_RxCloseIRQHandler)
    i.SPI_RxISR                              0x08005180   Section        0  stm32l0xx_hal_spi.o(i.SPI_RxISR)
    SPI_RxISR                                0x08005181   Thumb Code    78  stm32l0xx_hal_spi.o(i.SPI_RxISR)
    i.SPI_TxCloseIRQHandler                  0x080051ce   Section        0  stm32l0xx_hal_spi.o(i.SPI_TxCloseIRQHandler)
    SPI_TxCloseIRQHandler                    0x080051cf   Thumb Code   132  stm32l0xx_hal_spi.o(i.SPI_TxCloseIRQHandler)
    i.SPI_TxISR                              0x08005252   Section        0  stm32l0xx_hal_spi.o(i.SPI_TxISR)
    SPI_TxISR                                0x08005253   Thumb Code    72  stm32l0xx_hal_spi.o(i.SPI_TxISR)
    i.SPI_WaitOnFlagUntilTimeout             0x0800529a   Section        0  stm32l0xx_hal_spi.o(i.SPI_WaitOnFlagUntilTimeout)
    SPI_WaitOnFlagUntilTimeout               0x0800529b   Thumb Code   178  stm32l0xx_hal_spi.o(i.SPI_WaitOnFlagUntilTimeout)
    i.Sample_Get                             0x0800534c   Section        0  shakesensor_app.o(i.Sample_Get)
    i.SysTick_Handler                        0x0800545c   Section        0  stm32l0xx_it.o(i.SysTick_Handler)
    i.SystemClock_Config                     0x08005468   Section        0  main.o(i.SystemClock_Config)
    i.SystemInit                             0x080054f0   Section        0  system_stm32l0xx.o(i.SystemInit)
    i.System_config_init                     0x08005544   Section        0  main.o(i.System_config_init)
    i.TIM2_IRQHandler                        0x080055c8   Section        0  stm32l0xx_it.o(i.TIM2_IRQHandler)
    i.TIM2_Service                           0x080055d8   Section        0  main.o(i.TIM2_Service)
    i.TIM_Base_SetConfig                     0x08005608   Section        0  stm32l0xx_hal_tim.o(i.TIM_Base_SetConfig)
    TIM_Base_SetConfig                       0x08005609   Thumb Code    70  stm32l0xx_hal_tim.o(i.TIM_Base_SetConfig)
    i.TIM_ETR_SetConfig                      0x08005658   Section        0  stm32l0xx_hal_tim.o(i.TIM_ETR_SetConfig)
    TIM_ETR_SetConfig                        0x08005659   Thumb Code    22  stm32l0xx_hal_tim.o(i.TIM_ETR_SetConfig)
    i.TIM_ITRx_SetConfig                     0x0800566e   Section        0  stm32l0xx_hal_tim.o(i.TIM_ITRx_SetConfig)
    TIM_ITRx_SetConfig                       0x0800566f   Thumb Code    16  stm32l0xx_hal_tim.o(i.TIM_ITRx_SetConfig)
    i.TIM_TI1_ConfigInputStage               0x0800567e   Section        0  stm32l0xx_hal_tim.o(i.TIM_TI1_ConfigInputStage)
    TIM_TI1_ConfigInputStage                 0x0800567f   Thumb Code    34  stm32l0xx_hal_tim.o(i.TIM_TI1_ConfigInputStage)
    i.TIM_TI2_ConfigInputStage               0x080056a0   Section        0  stm32l0xx_hal_tim.o(i.TIM_TI2_ConfigInputStage)
    TIM_TI2_ConfigInputStage                 0x080056a1   Thumb Code    38  stm32l0xx_hal_tim.o(i.TIM_TI2_ConfigInputStage)
    i.U1_Tx_OneByte                          0x080056c8   Section        0  main.o(i.U1_Tx_OneByte)
    i.UART_AdvFeatureConfig                  0x080056e0   Section        0  stm32l0xx_hal_uart.o(i.UART_AdvFeatureConfig)
    i.UART_CheckIdleState                    0x080057ac   Section        0  stm32l0xx_hal_uart.o(i.UART_CheckIdleState)
    i.UART_Receive_IT                        0x08005800   Section        0  stm32l0xx_hal_uart.o(i.UART_Receive_IT)
    UART_Receive_IT                          0x08005801   Thumb Code   148  stm32l0xx_hal_uart.o(i.UART_Receive_IT)
    i.UART_SetConfig                         0x08005894   Section        0  stm32l0xx_hal_uart.o(i.UART_SetConfig)
    i.UART_Transmit_IT                       0x08005aa8   Section        0  stm32l0xx_hal_uart.o(i.UART_Transmit_IT)
    UART_Transmit_IT                         0x08005aa9   Thumb Code   110  stm32l0xx_hal_uart.o(i.UART_Transmit_IT)
    i.UART_WaitOnFlagUntilTimeout            0x08005b16   Section        0  stm32l0xx_hal_uart.o(i.UART_WaitOnFlagUntilTimeout)
    i.USART1_RX_enable                       0x08005bc4   Section        0  shakesensor_app.o(i.USART1_RX_enable)
    i.Voltage_Get                            0x08005c04   Section        0  shakesensor_app.o(i.Voltage_Get)
    i.WWDG_IRQHandler                        0x08005c74   Section        0  stm32l0xx_it.o(i.WWDG_IRQHandler)
    i.__0printf$8                            0x08005c84   Section        0  printf8.o(i.__0printf$8)
    i.__ARM_clz                              0x08005ca4   Section        0  depilogue.o(i.__ARM_clz)
    i.__ARM_common_switch8                   0x08005cd2   Section        0  shakesensor_app.o(i.__ARM_common_switch8)
    i.__scatterload_copy                     0x08005cec   Section       14  handlers.o(i.__scatterload_copy)
    i.__scatterload_null                     0x08005cfa   Section        2  handlers.o(i.__scatterload_null)
    i.__scatterload_zeroinit                 0x08005cfc   Section       14  handlers.o(i.__scatterload_zeroinit)
    i._printf_core                           0x08005d0c   Section        0  printf8.o(i._printf_core)
    _printf_core                             0x08005d0d   Thumb Code  1020  printf8.o(i._printf_core)
    i._printf_post_padding                   0x08006134   Section        0  printf8.o(i._printf_post_padding)
    _printf_post_padding                     0x08006135   Thumb Code    32  printf8.o(i._printf_post_padding)
    i._printf_pre_padding                    0x08006154   Section        0  printf8.o(i._printf_pre_padding)
    _printf_pre_padding                      0x08006155   Thumb Code    44  printf8.o(i._printf_pre_padding)
    i.bcd2bin                                0x08006180   Section        0  shakesensor_app.o(i.bcd2bin)
    i.eeprom_multipleread                    0x08006190   Section        0  shakesensor_app.o(i.eeprom_multipleread)
    i.eeprom_read_reg                        0x08006214   Section        0  shakesensor_app.o(i.eeprom_read_reg)
    i.eeprom_waitforwriteend                 0x08006280   Section        0  shakesensor_app.o(i.eeprom_waitforwriteend)
    i.eeprom_wrdisable                       0x08006290   Section        0  shakesensor_app.o(i.eeprom_wrdisable)
    i.eeprom_wren                            0x080062d4   Section        0  shakesensor_app.o(i.eeprom_wren)
    i.eeprom_writemultipledata               0x0800631c   Section        0  shakesensor_app.o(i.eeprom_writemultipledata)
    i.fputc                                  0x080063a0   Section        0  main.o(i.fputc)
    i.get_chipid                             0x080063b8   Section        0  shakesensor_app.o(i.get_chipid)
    i.main                                   0x080064a0   Section        0  main.o(i.main)
    i.readi2c_nbyte                          0x08006580   Section        0  shakesensor_app.o(i.readi2c_nbyte)
    i.spi1_write                             0x080065c4   Section        0  shakesensor_app.o(i.spi1_write)
    spi1_write                               0x080065c5   Thumb Code    32  shakesensor_app.o(i.spi1_write)
    i.spi2_write                             0x080065e8   Section        0  shakesensor_app.o(i.spi2_write)
    spi2_write                               0x080065e9   Thumb Code    28  shakesensor_app.o(i.spi2_write)
    i.writei2c_byte                          0x08006618   Section        0  shakesensor_app.o(i.writei2c_byte)
    .constdata                               0x08006668   Section       25  system_stm32l0xx.o(.constdata)
    .constdata                               0x08006681   Section       16  stm32l0xx_hal_rcc.o(.constdata)
    APBAHBPrescTable                         0x08006681   Data          16  stm32l0xx_hal_rcc.o(.constdata)
    .conststring                             0x08006694   Section      770  shakesensor_app.o(.conststring)
    .data                                    0x20000000   Section        4  system_stm32l0xx.o(.data)
    .data                                    0x20000004   Section        4  main.o(.data)
    .data                                    0x20000008   Section        2  main.o(.data)
    .data                                    0x2000000a   Section        1  main.o(.data)
    .data                                    0x2000000b   Section        1  main.o(.data)
    .data                                    0x2000000c   Section        1  main.o(.data)
    .data                                    0x2000000d   Section        1  main.o(.data)
    .data                                    0x2000000e   Section        2  main.o(.data)
    .data                                    0x20000010   Section        2  main.o(.data)
    .data                                    0x20000012   Section        2  main.o(.data)
    .data                                    0x20000014   Section        4  shakesensor_app.o(.data)
    .data                                    0x20000018   Section        1  shakesensor_app.o(.data)
    .data                                    0x2000001a   Section       26  shakesensor_app.o(.data)
    operate_addr_REG                         0x2000001a   Data           3  shakesensor_app.o(.data)
    operate_addr_REG                         0x2000001d   Data           3  shakesensor_app.o(.data)
    .data                                    0x20000034   Section        4  stm32l0xx_hal.o(.data)
    uwTick                                   0x20000034   Data           4  stm32l0xx_hal.o(.data)
    .data                                    0x20000038   Section        4  stdout.o(.data)
    .bss                                     0x2000003c   Section      910  main.o(.bss)
    .bss                                     0x200003cc   Section       60  main.o(.bss)
    .bss                                     0x20000408   Section       60  main.o(.bss)
    .bss                                     0x20000444   Section       42  main.o(.bss)
    .bss                                     0x20000470   Section       20  main.o(.bss)
    .bss                                     0x20000484   Section      100  main.o(.bss)
    .bss                                     0x200004e8   Section      100  main.o(.bss)
    .bss                                     0x2000054c   Section      600  main.o(.bss)
    .bss                                     0x200007a4   Section      600  main.o(.bss)
    .bss                                     0x200009fc   Section      520  main.o(.bss)
    .bss                                     0x20000c04   Section      353  shakesensor_app.o(.bss)
    STACK                                    0x20000d68   Section     1024  startup_stm32l051xx.o(STACK)

    Global Symbols

    Symbol Name                              Value     Ov Type        Size  Object(Section)

    BuildAttributes$$THM_ISAv3M$S$PE$A:L22$X:L11$S22$IEEE1$IW$USESV6$~STKCKD$USESV7$~SHL$OSPACE$ROPI$EBA8$MICROLIB$REQ8$PRES8$EABIv2 0x00000000   Number         0  anon$$obj.o ABSOLUTE
    __ARM_use_no_argv                        0x00000000   Number         0  main.o ABSOLUTE
    _printf_a                                0x00000000   Number         0  stubs.o ABSOLUTE
    _printf_c                                0x00000000   Number         0  stubs.o ABSOLUTE
    _printf_charcount                        0x00000000   Number         0  stubs.o ABSOLUTE
    _printf_d                                0x00000000   Number         0  stubs.o ABSOLUTE
    _printf_e                                0x00000000   Number         0  stubs.o ABSOLUTE
    _printf_f                                0x00000000   Number         0  stubs.o ABSOLUTE
    _printf_flags                            0x00000000   Number         0  stubs.o ABSOLUTE
    _printf_fp_dec                           0x00000000   Number         0  stubs.o ABSOLUTE
    _printf_fp_hex                           0x00000000   Number         0  stubs.o ABSOLUTE
    _printf_g                                0x00000000   Number         0  stubs.o ABSOLUTE
    _printf_i                                0x00000000   Number         0  stubs.o ABSOLUTE
    _printf_int_dec                          0x00000000   Number         0  stubs.o ABSOLUTE
    _printf_l                                0x00000000   Number         0  stubs.o ABSOLUTE
    _printf_lc                               0x00000000   Number         0  stubs.o ABSOLUTE
    _printf_ll                               0x00000000   Number         0  stubs.o ABSOLUTE
    _printf_lld                              0x00000000   Number         0  stubs.o ABSOLUTE
    _printf_lli                              0x00000000   Number         0  stubs.o ABSOLUTE
    _printf_llo                              0x00000000   Number         0  stubs.o ABSOLUTE
    _printf_llu                              0x00000000   Number         0  stubs.o ABSOLUTE
    _printf_llx                              0x00000000   Number         0  stubs.o ABSOLUTE
    _printf_longlong_dec                     0x00000000   Number         0  stubs.o ABSOLUTE
    _printf_longlong_hex                     0x00000000   Number         0  stubs.o ABSOLUTE
    _printf_longlong_oct                     0x00000000   Number         0  stubs.o ABSOLUTE
    _printf_ls                               0x00000000   Number         0  stubs.o ABSOLUTE
    _printf_mbtowc                           0x00000000   Number         0  stubs.o ABSOLUTE
    _printf_n                                0x00000000   Number         0  stubs.o ABSOLUTE
    _printf_o                                0x00000000   Number         0  stubs.o ABSOLUTE
    _printf_p                                0x00000000   Number         0  stubs.o ABSOLUTE
    _printf_percent                          0x00000000   Number         0  stubs.o ABSOLUTE
    _printf_pre_padding                      0x00000000   Number         0  stubs.o ABSOLUTE
    _printf_return_value                     0x00000000   Number         0  stubs.o ABSOLUTE
    _printf_s                                0x00000000   Number         0  stubs.o ABSOLUTE
    _printf_sizespec                         0x00000000   Number         0  stubs.o ABSOLUTE
    _printf_str                              0x00000000   Number         0  stubs.o ABSOLUTE
    _printf_truncate_signed                  0x00000000   Number         0  stubs.o ABSOLUTE
    _printf_truncate_unsigned                0x00000000   Number         0  stubs.o ABSOLUTE
    _printf_u                                0x00000000   Number         0  stubs.o ABSOLUTE
    _printf_wc                               0x00000000   Number         0  stubs.o ABSOLUTE
    _printf_wctomb                           0x00000000   Number         0  stubs.o ABSOLUTE
    _printf_widthprec                        0x00000000   Number         0  stubs.o ABSOLUTE
    _printf_x                                0x00000000   Number         0  stubs.o ABSOLUTE
    __cpp_initialize__aeabi_                  - Undefined Weak Reference
    __cxa_finalize                            - Undefined Weak Reference
    __decompress                              - Undefined Weak Reference
    _clock_init                               - Undefined Weak Reference
    _microlib_exit                            - Undefined Weak Reference
    __Vectors_Size                           0x000000c0   Number         0  startup_stm32l051xx.o ABSOLUTE
    __Vectors                                0x08000000   Data           4  startup_stm32l051xx.o(RESET)
    __Vectors_End                            0x080000c0   Data           0  startup_stm32l051xx.o(RESET)
    __main                                   0x080000c1   Thumb Code     0  entry.o(.ARM.Collect$$$$00000000)
    _main_stk                                0x080000c1   Thumb Code     0  entry2.o(.ARM.Collect$$$$00000001)
    _main_scatterload                        0x080000c5   Thumb Code     0  entry5.o(.ARM.Collect$$$$00000004)
    __main_after_scatterload                 0x080000c9   Thumb Code     0  entry5.o(.ARM.Collect$$$$00000004)
    _main_clock                              0x080000c9   Thumb Code     0  entry7b.o(.ARM.Collect$$$$00000008)
    _main_cpp_init                           0x080000c9   Thumb Code     0  entry8b.o(.ARM.Collect$$$$0000000A)
    _main_init                               0x080000c9   Thumb Code     0  entry9a.o(.ARM.Collect$$$$0000000B)
    __rt_final_cpp                           0x080000d1   Thumb Code     0  entry10a.o(.ARM.Collect$$$$0000000D)
    __rt_final_exit                          0x080000d1   Thumb Code     0  entry11a.o(.ARM.Collect$$$$0000000F)
    Reset_Handler                            0x080000d5   Thumb Code     8  startup_stm32l051xx.o(.text)
    SVC_Handler                              0x080000e1   Thumb Code     2  startup_stm32l051xx.o(.text)
    PendSV_Handler                           0x080000e3   Thumb Code     2  startup_stm32l051xx.o(.text)
    DMA1_Channel2_3_IRQHandler               0x080000e7   Thumb Code     0  startup_stm32l051xx.o(.text)
    EXTI0_1_IRQHandler                       0x080000e7   Thumb Code     0  startup_stm32l051xx.o(.text)
    EXTI2_3_IRQHandler                       0x080000e7   Thumb Code     0  startup_stm32l051xx.o(.text)
    FLASH_IRQHandler                         0x080000e7   Thumb Code     0  startup_stm32l051xx.o(.text)
    I2C1_IRQHandler                          0x080000e7   Thumb Code     0  startup_stm32l051xx.o(.text)
    I2C2_IRQHandler                          0x080000e7   Thumb Code     0  startup_stm32l051xx.o(.text)
    LPTIM1_IRQHandler                        0x080000e7   Thumb Code     0  startup_stm32l051xx.o(.text)
    PVD_IRQHandler                           0x080000e7   Thumb Code     0  startup_stm32l051xx.o(.text)
    RCC_IRQHandler                           0x080000e7   Thumb Code     0  startup_stm32l051xx.o(.text)
    RTC_IRQHandler                           0x080000e7   Thumb Code     0  startup_stm32l051xx.o(.text)
    TIM21_IRQHandler                         0x080000e7   Thumb Code     0  startup_stm32l051xx.o(.text)
    TIM22_IRQHandler                         0x080000e7   Thumb Code     0  startup_stm32l051xx.o(.text)
    TIM6_IRQHandler                          0x080000e7   Thumb Code     0  startup_stm32l051xx.o(.text)
    USART1_IRQHandler                        0x080000e7   Thumb Code     0  startup_stm32l051xx.o(.text)
    USART2_IRQHandler                        0x080000e7   Thumb Code     0  startup_stm32l051xx.o(.text)
    __aeabi_uidiv                            0x080000f1   Thumb Code     0  uidiv.o(.text)
    __aeabi_uidivmod                         0x080000f1   Thumb Code    44  uidiv.o(.text)
    __aeabi_memcpy                           0x0800011d   Thumb Code    36  memcpya.o(.text)
    __aeabi_memcpy4                          0x0800011d   Thumb Code     0  memcpya.o(.text)
    __aeabi_memcpy8                          0x0800011d   Thumb Code     0  memcpya.o(.text)
    __aeabi_memset                           0x08000141   Thumb Code    14  memseta.o(.text)
    __aeabi_memset4                          0x08000141   Thumb Code     0  memseta.o(.text)
    __aeabi_memset8                          0x08000141   Thumb Code     0  memseta.o(.text)
    __aeabi_memclr                           0x0800014f   Thumb Code     4  memseta.o(.text)
    __aeabi_memclr4                          0x0800014f   Thumb Code     0  memseta.o(.text)
    __aeabi_memclr8                          0x0800014f   Thumb Code     0  memseta.o(.text)
    _memset$wrapper                          0x08000153   Thumb Code    18  memseta.o(.text)
    __aeabi_dmul                             0x08000165   Thumb Code   202  dmul.o(.text)
    __aeabi_ddiv                             0x08000235   Thumb Code   234  ddiv.o(.text)
    __ARM_scalbn                             0x08000325   Thumb Code    44  dscalb.o(.text)
    scalbn                                   0x08000325   Thumb Code     0  dscalb.o(.text)
    __aeabi_ui2d                             0x08000351   Thumb Code    24  dfltui.o(.text)
    __aeabi_d2uiz                            0x0800036d   Thumb Code    50  dfixui.o(.text)
    __aeabi_uldivmod                         0x080003a9   Thumb Code    96  uldiv.o(.text)
    __aeabi_llsr                             0x08000409   Thumb Code    34  llushr.o(.text)
    _ll_ushift_r                             0x08000409   Thumb Code     0  llushr.o(.text)
    __I$use$fp                               0x0800042b   Thumb Code     0  iusefp.o(.text)
    _double_round                            0x0800042b   Thumb Code    26  depilogue.o(.text)
    _double_epilogue                         0x08000445   Thumb Code   164  depilogue.o(.text)
    __scatterload                            0x080004e9   Thumb Code    28  init.o(.text)
    __scatterload_rt2                        0x080004e9   Thumb Code     0  init.o(.text)
    __aeabi_llsl                             0x0800050d   Thumb Code    32  llshl.o(.text)
    _ll_shift_l                              0x0800050d   Thumb Code     0  llshl.o(.text)
    ADC1_COMP_IRQHandler                     0x0800052d   Thumb Code    10  stm32l0xx_it.o(i.ADC1_COMP_IRQHandler)
    ADXL375_Get                              0x080005c5   Thumb Code    44  shakesensor_app.o(i.ADXL375_Get)
    ADXL375_INT1_IRQHandler                  0x080005f1   Thumb Code    42  shakesensor_app.o(i.ADXL375_INT1_IRQHandler)
    ADXL375_INT1_Judge                       0x08000625   Thumb Code    64  shakesensor_app.o(i.ADXL375_INT1_Judge)
    ADXL375_SPI2_Rd_Onebytes                 0x08000665   Thumb Code    58  shakesensor_app.o(i.ADXL375_SPI2_Rd_Onebytes)
    ADXL375_SPI2_ReadNbytes                  0x080006a9   Thumb Code    58  shakesensor_app.o(i.ADXL375_SPI2_ReadNbytes)
    ADXL375_WhoAmI_check                     0x080006ed   Thumb Code    32  shakesensor_app.o(i.ADXL375_WhoAmI_check)
    ADXL375_Wr_OneByte                       0x0800070d   Thumb Code    52  shakesensor_app.o(i.ADXL375_Wr_OneByte)
    ADXL375_init                             0x08000749   Thumb Code   324  shakesensor_app.o(i.ADXL375_init)
    DMA1_Channel1_IRQHandler                 0x0800099d   Thumb Code    10  stm32l0xx_it.o(i.DMA1_Channel1_IRQHandler)
    DMA1_Channel4_5_6_7_IRQHandler           0x080009ad   Thumb Code    10  stm32l0xx_it.o(i.DMA1_Channel4_5_6_7_IRQHandler)
    Devices_Init_Total                       0x080009bd   Thumb Code   114  shakesensor_app.o(i.Devices_Init_Total)
    EEPROM_of_SYS_Init                       0x08000a69   Thumb Code   530  shakesensor_app.o(i.EEPROM_of_SYS_Init)
    EXTI4_15_IRQHandler                      0x08000d2d   Thumb Code    28  stm32l0xx_it.o(i.EXTI4_15_IRQHandler)
    Function_test                            0x08000d51   Thumb Code    24  shakesensor_app.o(i.Function_test)
    HAL_ADC_ConfigChannel                    0x08000d69   Thumb Code   140  stm32l0xx_hal_adc.o(i.HAL_ADC_ConfigChannel)
    HAL_ADC_ConvCpltCallback                 0x08000dfd   Thumb Code     2  stm32l0xx_hal_adc.o(i.HAL_ADC_ConvCpltCallback)
    HAL_ADC_ErrorCallback                    0x08000dff   Thumb Code     2  stm32l0xx_hal_adc.o(i.HAL_ADC_ErrorCallback)
    HAL_ADC_GetValue                         0x08000e01   Thumb Code     6  stm32l0xx_hal_adc.o(i.HAL_ADC_GetValue)
    HAL_ADC_IRQHandler                       0x08000e07   Thumb Code   208  stm32l0xx_hal_adc.o(i.HAL_ADC_IRQHandler)
    HAL_ADC_Init                             0x08000ed9   Thumb Code   440  stm32l0xx_hal_adc.o(i.HAL_ADC_Init)
    HAL_ADC_LevelOutOfWindowCallback         0x0800109d   Thumb Code     2  stm32l0xx_hal_adc.o(i.HAL_ADC_LevelOutOfWindowCallback)
    HAL_ADC_MspInit                          0x080010a1   Thumb Code    84  stm32l0xx_hal_msp.o(i.HAL_ADC_MspInit)
    HAL_ADC_Start                            0x08001109   Thumb Code    86  stm32l0xx_hal_adc.o(i.HAL_ADC_Start)
    HAL_DMA_IRQHandler                       0x08001165   Thumb Code   634  stm32l0xx_hal_dma.o(i.HAL_DMA_IRQHandler)
    HAL_DMA_Init                             0x080013e5   Thumb Code   254  stm32l0xx_hal_dma.o(i.HAL_DMA_Init)
    HAL_Delay                                0x080014ed   Thumb Code    22  stm32l0xx_hal.o(i.HAL_Delay)
    HAL_GPIO_DeInit                          0x08001505   Thumb Code   202  stm32l0xx_hal_gpio.o(i.HAL_GPIO_DeInit)
    HAL_GPIO_EXTI_Callback                   0x080015e9   Thumb Code     2  stm32l0xx_hal_gpio.o(i.HAL_GPIO_EXTI_Callback)
    HAL_GPIO_EXTI_IRQHandler                 0x080015ed   Thumb Code    18  stm32l0xx_hal_gpio.o(i.HAL_GPIO_EXTI_IRQHandler)
    HAL_GPIO_Init                            0x08001605   Thumb Code   346  stm32l0xx_hal_gpio.o(i.HAL_GPIO_Init)
    HAL_GPIO_ReadPin                         0x0800177d   Thumb Code    10  stm32l0xx_hal_gpio.o(i.HAL_GPIO_ReadPin)
    HAL_GPIO_WritePin                        0x08001787   Thumb Code    12  stm32l0xx_hal_gpio.o(i.HAL_GPIO_WritePin)
    HAL_GetTick                              0x08001795   Thumb Code     6  stm32l0xx_hal.o(i.HAL_GetTick)
    HAL_I2CEx_ConfigAnalogFilter             0x080017a1   Thumb Code    96  stm32l0xx_hal_i2c_ex.o(i.HAL_I2CEx_ConfigAnalogFilter)
    HAL_I2C_GetError                         0x08001801   Thumb Code     4  stm32l0xx_hal_i2c.o(i.HAL_I2C_GetError)
    HAL_I2C_Init                             0x08001805   Thumb Code   158  stm32l0xx_hal_i2c.o(i.HAL_I2C_Init)
    HAL_I2C_Master_Receive                   0x080018a9   Thumb Code   232  stm32l0xx_hal_i2c.o(i.HAL_I2C_Master_Receive)
    HAL_I2C_Master_Transmit                  0x08001995   Thumb Code   232  stm32l0xx_hal_i2c.o(i.HAL_I2C_Master_Transmit)
    HAL_I2C_MspInit                          0x08001a81   Thumb Code    90  stm32l0xx_hal_msp.o(i.HAL_I2C_MspInit)
    HAL_IncTick                              0x08001aed   Thumb Code    10  stm32l0xx_hal.o(i.HAL_IncTick)
    HAL_Init                                 0x08001afd   Thumb Code    26  stm32l0xx_hal.o(i.HAL_Init)
    HAL_InitTick                             0x08001b1d   Thumb Code    34  stm32l0xx_hal.o(i.HAL_InitTick)
    HAL_MspInit                              0x08001b41   Thumb Code    24  stm32l0xx_hal_msp.o(i.HAL_MspInit)
    HAL_NVIC_DisableIRQ                      0x08001b5d   Thumb Code    14  stm32l0xx_hal_cortex.o(i.HAL_NVIC_DisableIRQ)
    HAL_NVIC_EnableIRQ                       0x08001b71   Thumb Code    14  stm32l0xx_hal_cortex.o(i.HAL_NVIC_EnableIRQ)
    HAL_NVIC_SetPriority                     0x08001b85   Thumb Code     8  stm32l0xx_hal_cortex.o(i.HAL_NVIC_SetPriority)
    HAL_RCCEx_PeriphCLKConfig                0x08001b8d   Thumb Code   318  stm32l0xx_hal_rcc_ex.o(i.HAL_RCCEx_PeriphCLKConfig)
    HAL_RCC_ClockConfig                      0x08001cd9   Thumb Code   320  stm32l0xx_hal_rcc.o(i.HAL_RCC_ClockConfig)
    HAL_RCC_GetHCLKFreq                      0x08001e25   Thumb Code    26  stm32l0xx_hal_rcc.o(i.HAL_RCC_GetHCLKFreq)
    HAL_RCC_GetPCLK1Freq                     0x08001e4d   Thumb Code    22  stm32l0xx_hal_rcc.o(i.HAL_RCC_GetPCLK1Freq)
    HAL_RCC_GetPCLK2Freq                     0x08001e6d   Thumb Code    22  stm32l0xx_hal_rcc.o(i.HAL_RCC_GetPCLK2Freq)
    HAL_RCC_GetSysClockFreq                  0x08001e8d   Thumb Code   102  stm32l0xx_hal_rcc.o(i.HAL_RCC_GetSysClockFreq)
    HAL_RCC_OscConfig                        0x08001f09   Thumb Code   928  stm32l0xx_hal_rcc.o(i.HAL_RCC_OscConfig)
    HAL_RTCEx_SetCalibrationOutPut           0x080022bd   Thumb Code    78  stm32l0xx_hal_rtc_ex.o(i.HAL_RTCEx_SetCalibrationOutPut)
    HAL_RTCEx_SetWakeUpTimer                 0x0800230b   Thumb Code   196  stm32l0xx_hal_rtc_ex.o(i.HAL_RTCEx_SetWakeUpTimer)
    HAL_RTC_Init                             0x080023d1   Thumb Code   160  stm32l0xx_hal_rtc.o(i.HAL_RTC_Init)
    HAL_RTC_MspInit                          0x08002475   Thumb Code    22  stm32l0xx_hal_msp.o(i.HAL_RTC_MspInit)
    HAL_RTC_SetDate                          0x08002495   Thumb Code   200  stm32l0xx_hal_rtc.o(i.HAL_RTC_SetDate)
    HAL_RTC_SetTime                          0x08002561   Thumb Code   234  stm32l0xx_hal_rtc.o(i.HAL_RTC_SetTime)
    HAL_RTC_WaitForSynchro                   0x08002651   Thumb Code    52  stm32l0xx_hal_rtc.o(i.HAL_RTC_WaitForSynchro)
    HAL_SPI_ErrorCallback                    0x08002685   Thumb Code     2  stm32l0xx_hal_spi.o(i.HAL_SPI_ErrorCallback)
    HAL_SPI_IRQHandler                       0x08002687   Thumb Code   194  stm32l0xx_hal_spi.o(i.HAL_SPI_IRQHandler)
    HAL_SPI_Init                             0x08002749   Thumb Code   132  stm32l0xx_hal_spi.o(i.HAL_SPI_Init)
    HAL_SPI_MspDeInit                        0x080027cd   Thumb Code    66  stm32l0xx_hal_msp.o(i.HAL_SPI_MspDeInit)
    HAL_SPI_MspInit                          0x08002821   Thumb Code   120  stm32l0xx_hal_msp.o(i.HAL_SPI_MspInit)
    HAL_SPI_Receive                          0x080028a9   Thumb Code   468  stm32l0xx_hal_spi.o(i.HAL_SPI_Receive)
    HAL_SPI_Receive_IT                       0x08002a7d   Thumb Code   168  stm32l0xx_hal_spi.o(i.HAL_SPI_Receive_IT)
    HAL_SPI_RxCpltCallback                   0x08002b29   Thumb Code     2  stm32l0xx_hal_spi.o(i.HAL_SPI_RxCpltCallback)
    HAL_SPI_Transmit                         0x08002b2b   Thumb Code   336  stm32l0xx_hal_spi.o(i.HAL_SPI_Transmit)
    HAL_SPI_TransmitReceive                  0x08002c7b   Thumb Code   696  stm32l0xx_hal_spi.o(i.HAL_SPI_TransmitReceive)
    HAL_SPI_TransmitReceive_IT               0x08002f35   Thumb Code   154  stm32l0xx_hal_spi.o(i.HAL_SPI_TransmitReceive_IT)
    HAL_SPI_Transmit_IT                      0x08002fd9   Thumb Code   154  stm32l0xx_hal_spi.o(i.HAL_SPI_Transmit_IT)
    HAL_SPI_TxCpltCallback                   0x08003079   Thumb Code     2  stm32l0xx_hal_spi.o(i.HAL_SPI_TxCpltCallback)
    HAL_SPI_TxRxCpltCallback                 0x0800307b   Thumb Code     2  stm32l0xx_hal_spi.o(i.HAL_SPI_TxRxCpltCallback)
    HAL_SYSTICK_CLKSourceConfig              0x0800307d   Thumb Code    20  stm32l0xx_hal_cortex.o(i.HAL_SYSTICK_CLKSourceConfig)
    HAL_SYSTICK_Callback                     0x08003095   Thumb Code     2  stm32l0xx_hal_cortex.o(i.HAL_SYSTICK_Callback)
    HAL_SYSTICK_Config                       0x08003099   Thumb Code    38  stm32l0xx_hal_cortex.o(i.HAL_SYSTICK_Config)
    HAL_SYSTICK_IRQHandler                   0x080030c9   Thumb Code     8  stm32l0xx_hal_cortex.o(i.HAL_SYSTICK_IRQHandler)
    HAL_TIMEx_MasterConfigSynchronization    0x080030d1   Thumb Code    72  stm32l0xx_hal_tim_ex.o(i.HAL_TIMEx_MasterConfigSynchronization)
    HAL_TIM_Base_Init                        0x08003119   Thumb Code    52  stm32l0xx_hal_tim.o(i.HAL_TIM_Base_Init)
    HAL_TIM_Base_MspInit                     0x0800314d   Thumb Code    40  stm32l0xx_hal_msp.o(i.HAL_TIM_Base_MspInit)
    HAL_TIM_Base_Start_IT                    0x08003179   Thumb Code    22  stm32l0xx_hal_tim.o(i.HAL_TIM_Base_Start_IT)
    HAL_TIM_ConfigClockSource                0x0800318f   Thumb Code   238  stm32l0xx_hal_tim.o(i.HAL_TIM_ConfigClockSource)
    HAL_TIM_IC_CaptureCallback               0x0800327d   Thumb Code     2  stm32l0xx_hal_tim.o(i.HAL_TIM_IC_CaptureCallback)
    HAL_TIM_IRQHandler                       0x0800327f   Thumb Code   292  stm32l0xx_hal_tim.o(i.HAL_TIM_IRQHandler)
    HAL_TIM_OC_DelayElapsedCallback          0x080033a3   Thumb Code     2  stm32l0xx_hal_tim.o(i.HAL_TIM_OC_DelayElapsedCallback)
    HAL_TIM_PWM_PulseFinishedCallback        0x080033a5   Thumb Code     2  stm32l0xx_hal_tim.o(i.HAL_TIM_PWM_PulseFinishedCallback)
    HAL_TIM_TriggerCallback                  0x080033a7   Thumb Code     2  stm32l0xx_hal_tim.o(i.HAL_TIM_TriggerCallback)
    HAL_UARTEx_WakeupCallback                0x080033a9   Thumb Code     2  stm32l0xx_hal_uart_ex.o(i.HAL_UARTEx_WakeupCallback)
    HAL_UART_ErrorCallback                   0x080033ab   Thumb Code     2  stm32l0xx_hal_uart.o(i.HAL_UART_ErrorCallback)
    HAL_UART_IRQHandler                      0x080033ad   Thumb Code   240  stm32l0xx_hal_uart.o(i.HAL_UART_IRQHandler)
    HAL_UART_Init                            0x0800349d   Thumb Code   104  stm32l0xx_hal_uart.o(i.HAL_UART_Init)
    HAL_UART_MspInit                         0x08003505   Thumb Code   100  stm32l0xx_hal_msp.o(i.HAL_UART_MspInit)
    HAL_UART_Receive_IT                      0x0800357d   Thumb Code   168  stm32l0xx_hal_uart.o(i.HAL_UART_Receive_IT)
    HAL_UART_RxCpltCallback                  0x08003629   Thumb Code    98  stm32l0xx_hal_uart.o(i.HAL_UART_RxCpltCallback)
    HAL_UART_Transmit_IT                     0x080036ad   Thumb Code   100  stm32l0xx_hal_uart.o(i.HAL_UART_Transmit_IT)
    HAL_UART_TxCpltCallback                  0x08003711   Thumb Code     2  stm32l0xx_hal_uart.o(i.HAL_UART_TxCpltCallback)
    HAL_WWDG_IRQHandler                      0x08003713   Thumb Code    38  stm32l0xx_hal_wwdg.o(i.HAL_WWDG_IRQHandler)
    HAL_WWDG_Init                            0x08003739   Thumb Code    86  stm32l0xx_hal_wwdg.o(i.HAL_WWDG_Init)
    HAL_WWDG_MspInit                         0x08003791   Thumb Code    38  stm32l0xx_hal_msp.o(i.HAL_WWDG_MspInit)
    HAL_WWDG_WakeupCallback                  0x080037c1   Thumb Code     2  stm32l0xx_hal_wwdg.o(i.HAL_WWDG_WakeupCallback)
    HMC5883L_Get                             0x080037c5   Thumb Code    96  shakesensor_app.o(i.HMC5883L_Get)
    HMC5883L_Init                            0x0800382d   Thumb Code   104  shakesensor_app.o(i.HMC5883L_Init)
    HardFault_Handler                        0x080038fd   Thumb Code     2  stm32l0xx_it.o(i.HardFault_Handler)
    Init_L3GD20H                             0x08003b59   Thumb Code   232  shakesensor_app.o(i.Init_L3GD20H)
    Key_Check                                0x08003d39   Thumb Code    72  shakesensor_app.o(i.Key_Check)
    L3GD20H_GET                              0x08003d89   Thumb Code    48  shakesensor_app.o(i.L3GD20H_GET)
    L3GD20H_SPI2_ReadNbytes                  0x08003dc1   Thumb Code    54  shakesensor_app.o(i.L3GD20H_SPI2_ReadNbytes)
    L3GD20H_SPI2_Wr_1_bytes                  0x08003e05   Thumb Code    52  shakesensor_app.o(i.L3GD20H_SPI2_Wr_1_bytes)
    L3GD20H_WhoAmI_check                     0x08003e41   Thumb Code    44  shakesensor_app.o(i.L3GD20H_WhoAmI_check)
    LPUART1_IRQHandler                       0x08003e85   Thumb Code    10  stm32l0xx_it.o(i.LPUART1_IRQHandler)
    MX_ADC_Init                              0x08003e95   Thumb Code    72  main.o(i.MX_ADC_Init)
    MX_DMA_Init                              0x08003ee9   Thumb Code    36  main.o(i.MX_DMA_Init)
    MX_GPIO_Init                             0x08003f11   Thumb Code   252  main.o(i.MX_GPIO_Init)
    MX_I2C1_Init                             0x0800402d   Thumb Code    44  main.o(i.MX_I2C1_Init)
    MX_I2C2_Init                             0x08004065   Thumb Code    44  main.o(i.MX_I2C2_Init)
    MX_LPUART1_UART_Init                     0x0800409d   Thumb Code    50  main.o(i.MX_LPUART1_UART_Init)
    MX_NVIC_Init                             0x080040d9   Thumb Code   148  main.o(i.MX_NVIC_Init)
    MX_RTC_Init                              0x0800416d   Thumb Code   102  main.o(i.MX_RTC_Init)
    MX_SPI1_Init                             0x080041dd   Thumb Code    50  main.o(i.MX_SPI1_Init)
    MX_SPI2_Init_ADXL375                     0x08004219   Thumb Code    52  main.o(i.MX_SPI2_Init_ADXL375)
    MX_SPI2_Init_L3GD20H                     0x08004255   Thumb Code    50  main.o(i.MX_SPI2_Init_L3GD20H)
    MX_TIM2_Init                             0x08004291   Thumb Code    60  main.o(i.MX_TIM2_Init)
    MX_WWDG_Init                             0x080042d1   Thumb Code    24  main.o(i.MX_WWDG_Init)
    NMI_Handler                              0x080042f1   Thumb Code     2  stm32l0xx_it.o(i.NMI_Handler)
    Output_Data                              0x08004339   Thumb Code    14  main.o(i.Output_Data)
    Protocol7E_Decode                        0x0800434d   Thumb Code    62  shakesensor_app.o(i.Protocol7E_Decode)
    Protocol7E_Encode                        0x0800438b   Thumb Code    58  shakesensor_app.o(i.Protocol7E_Encode)
    RTC8564_Get                              0x080043c5   Thumb Code   252  shakesensor_app.o(i.RTC8564_Get)
    RTC8564_Init                             0x080044d1   Thumb Code   168  shakesensor_app.o(i.RTC8564_Init)
    RTC8564_Set                              0x08004581   Thumb Code   416  shakesensor_app.o(i.RTC8564_Set)
    RTC_Bcd2ToByte                           0x080047e5   Thumb Code    16  stm32l0xx_hal_rtc.o(i.RTC_Bcd2ToByte)
    RTC_ByteToBcd2                           0x080047f5   Thumb Code    22  stm32l0xx_hal_rtc.o(i.RTC_ByteToBcd2)
    RTC_EnterInitMode                        0x0800480b   Thumb Code    56  stm32l0xx_hal_rtc.o(i.RTC_EnterInitMode)
    Rx_CMD_process                           0x08004845   Thumb Code   788  shakesensor_app.o(i.Rx_CMD_process)
    SHK_Check_EventHppen_Again               0x08004bad   Thumb Code    36  shakesensor_app.o(i.SHK_Check_EventHppen_Again)
    SHK_Event_SaveEnd                        0x08004c01   Thumb Code    84  shakesensor_app.o(i.SHK_Event_SaveEnd)
    SHK_OutPut_AllEvent_Protocol             0x08004ca5   Thumb Code   138  shakesensor_app.o(i.SHK_OutPut_AllEvent_Protocol)
    SHK_OutPut_OneEvent_Protocol             0x08004d35   Thumb Code   228  shakesensor_app.o(i.SHK_OutPut_OneEvent_Protocol)
    SHK_SampleData_TrigEnable                0x08004e29   Thumb Code    20  shakesensor_app.o(i.SHK_SampleData_TrigEnable)
    SHK_SaveData_Checking                    0x08004e41   Thumb Code   346  shakesensor_app.o(i.SHK_SaveData_Checking)
    SHK_SaveData_Output                      0x08004fb1   Thumb Code   136  shakesensor_app.o(i.SHK_SaveData_Output)
    SHK_Sensor_data_Get                      0x08005051   Thumb Code    16  shakesensor_app.o(i.SHK_Sensor_data_Get)
    SPI1_IRQHandler                          0x08005061   Thumb Code    10  stm32l0xx_it.o(i.SPI1_IRQHandler)
    SPI2_IRQHandler                          0x08005071   Thumb Code    10  stm32l0xx_it.o(i.SPI2_IRQHandler)
    Sample_Get                               0x0800534d   Thumb Code   240  shakesensor_app.o(i.Sample_Get)
    SysTick_Handler                          0x0800545d   Thumb Code    12  stm32l0xx_it.o(i.SysTick_Handler)
    SystemClock_Config                       0x08005469   Thumb Code   126  main.o(i.SystemClock_Config)
    SystemInit                               0x080054f1   Thumb Code    66  system_stm32l0xx.o(i.SystemInit)
    System_config_init                       0x08005545   Thumb Code   110  main.o(i.System_config_init)
    TIM2_IRQHandler                          0x080055c9   Thumb Code    10  stm32l0xx_it.o(i.TIM2_IRQHandler)
    TIM2_Service                             0x080055d9   Thumb Code    40  main.o(i.TIM2_Service)
    U1_Tx_OneByte                            0x080056c9   Thumb Code    18  main.o(i.U1_Tx_OneByte)
    UART_AdvFeatureConfig                    0x080056e1   Thumb Code   202  stm32l0xx_hal_uart.o(i.UART_AdvFeatureConfig)
    UART_CheckIdleState                      0x080057ad   Thumb Code    80  stm32l0xx_hal_uart.o(i.UART_CheckIdleState)
    UART_SetConfig                           0x08005895   Thumb Code   484  stm32l0xx_hal_uart.o(i.UART_SetConfig)
    UART_WaitOnFlagUntilTimeout              0x08005b17   Thumb Code   174  stm32l0xx_hal_uart.o(i.UART_WaitOnFlagUntilTimeout)
    USART1_RX_enable                         0x08005bc5   Thumb Code    24  shakesensor_app.o(i.USART1_RX_enable)
    Voltage_Get                              0x08005c05   Thumb Code    96  shakesensor_app.o(i.Voltage_Get)
    WWDG_IRQHandler                          0x08005c75   Thumb Code    10  stm32l0xx_it.o(i.WWDG_IRQHandler)
    __0printf$8                              0x08005c85   Thumb Code    24  printf8.o(i.__0printf$8)
    __1printf$8                              0x08005c85   Thumb Code     0  printf8.o(i.__0printf$8)
    __2printf                                0x08005c85   Thumb Code     0  printf8.o(i.__0printf$8)
    __ARM_clz                                0x08005ca5   Thumb Code    46  depilogue.o(i.__ARM_clz)
    __ARM_common_switch8                     0x08005cd3   Thumb Code    26  shakesensor_app.o(i.__ARM_common_switch8)
    __scatterload_copy                       0x08005ced   Thumb Code    14  handlers.o(i.__scatterload_copy)
    __scatterload_null                       0x08005cfb   Thumb Code     2  handlers.o(i.__scatterload_null)
    __scatterload_zeroinit                   0x08005cfd   Thumb Code    14  handlers.o(i.__scatterload_zeroinit)
    bcd2bin                                  0x08006181   Thumb Code    14  shakesensor_app.o(i.bcd2bin)
    eeprom_multipleread                      0x08006191   Thumb Code   118  shakesensor_app.o(i.eeprom_multipleread)
    eeprom_read_reg                          0x08006215   Thumb Code    98  shakesensor_app.o(i.eeprom_read_reg)
    eeprom_waitforwriteend                   0x08006281   Thumb Code    16  shakesensor_app.o(i.eeprom_waitforwriteend)
    eeprom_wrdisable                         0x08006291   Thumb Code    62  shakesensor_app.o(i.eeprom_wrdisable)
    eeprom_wren                              0x080062d5   Thumb Code    66  shakesensor_app.o(i.eeprom_wren)
    eeprom_writemultipledata                 0x0800631d   Thumb Code   118  shakesensor_app.o(i.eeprom_writemultipledata)
    fputc                                    0x080063a1   Thumb Code    20  main.o(i.fputc)
    get_chipid                               0x080063b9   Thumb Code   118  shakesensor_app.o(i.get_chipid)
    main                                     0x080064a1   Thumb Code   152  main.o(i.main)
    readi2c_nbyte                            0x08006581   Thumb Code    68  shakesensor_app.o(i.readi2c_nbyte)
    writei2c_byte                            0x08006619   Thumb Code    54  shakesensor_app.o(i.writei2c_byte)
    AHBPrescTable                            0x08006668   Data          16  system_stm32l0xx.o(.constdata)
    PLLMulTable                              0x08006678   Data           9  system_stm32l0xx.o(.constdata)
    Region$$Table$$Base                      0x08006998   Number         0  anon$$obj.o(Region$$Table)
    Region$$Table$$Limit                     0x080069b8   Number         0  anon$$obj.o(Region$$Table)
    SystemCoreClock                          0x20000000   Data           4  system_stm32l0xx.o(.data)
    main_counter                             0x20000004   Data           4  main.o(.data)
    Uart1_RxBuf_wr                           0x20000008   Data           2  main.o(.data)
    U1_rx_sub1_wr                            0x2000000a   Data           1  main.o(.data)
    Uart1Ready_R                             0x2000000b   Data           1  main.o(.data)
    Seven_one_rx                             0x2000000c   Data           1  main.o(.data)
    aRxBuffer                                0x2000000d   Data           1  main.o(.data)
    U1_TxBuf_wr                              0x2000000e   Data           2  main.o(.data)
    SHK_SampleData_Buff_wr                   0x20000010   Data           2  main.o(.data)
    SHK_SaveData_Buff_wr                     0x20000012   Data           2  main.o(.data)
    Shake_times                              0x20000014   Data           4  shakesensor_app.o(.data)
    Adx375_trigger_flag                      0x20000018   Data           1  shakesensor_app.o(.data)
    K1_Value                                 0x20000020   Data           4  shakesensor_app.o(.data)
    L3GD_reg                                 0x20000024   Data           8  shakesensor_app.o(.data)
    Reg_common                               0x2000002c   Data           8  shakesensor_app.o(.data)
    __stdout                                 0x20000038   Data           4  stdout.o(.data)
    hadc                                     0x2000003c   Data          96  main.o(.bss)
    hi2c1                                    0x2000009c   Data          60  main.o(.bss)
    hi2c2                                    0x200000d8   Data          60  main.o(.bss)
    hlpuart1                                 0x20000114   Data         112  main.o(.bss)
    hrtc                                     0x20000184   Data          36  main.o(.bss)
    hspi1                                    0x200001a8   Data          88  main.o(.bss)
    hspi2                                    0x20000200   Data          88  main.o(.bss)
    htim2                                    0x20000258   Data          56  main.o(.bss)
    hwwdg                                    0x20000290   Data          20  main.o(.bss)
    sys_config                               0x200002a4   Data         294  main.o(.bss)
    hdma_adc                                 0x200003cc   Data          60  main.o(.bss)
    hdma_lpuart1_tx                          0x20000408   Data          60  main.o(.bss)
    Project_SHK                              0x20000444   Data          42  main.o(.bss)
    SHK_WRK_STATE                            0x20000470   Data          20  main.o(.bss)
    Uart1_RxBuf                              0x20000484   Data         100  main.o(.bss)
    U1_rx_sub1                               0x200004e8   Data         100  main.o(.bss)
    U1_TxBuf                                 0x2000054c   Data         600  main.o(.bss)
    SHK_SampleData_Buff                      0x200007a4   Data         600  main.o(.bss)
    SHK_SaveData_Buff                        0x200009fc   Data         520  main.o(.bss)
    rtc_current                              0x20000c04   Data          13  shakesensor_app.o(.bss)
    Ack_buf                                  0x20000c11   Data         300  shakesensor_app.o(.bss)
    rtc_tmp                                  0x20000d3d   Data          10  shakesensor_app.o(.bss)
    eep_reg                                  0x20000d47   Data          30  shakesensor_app.o(.bss)
    __initial_sp                             0x20001168   Data           0  startup_stm32l051xx.o(STACK)



==============================================================================

Memory Map of the image

  Image Entry point : 0x080000c1

  Load Region LR_IROM1 (Base: 0x08000000, Size: 0x000069f4, Max: 0x00010000, ABSOLUTE)

    Execution Region ER_IROM1 (Base: 0x08000000, Size: 0x000069b8, Max: 0x00010000, ABSOLUTE)

    Base Addr    Size         Type   Attr      Idx    E Section Name        Object

    0x08000000   0x000000c0   Data   RO            3    RESET               startup_stm32l051xx.o
    0x080000c0   0x00000000   Code   RO         4188  * .ARM.Collect$$$$00000000  mc_p.l(entry.o)
    0x080000c0   0x00000004   Code   RO         4472    .ARM.Collect$$$$00000001  mc_p.l(entry2.o)
    0x080000c4   0x00000004   Code   RO         4475    .ARM.Collect$$$$00000004  mc_p.l(entry5.o)
    0x080000c8   0x00000000   Code   RO         4477    .ARM.Collect$$$$00000008  mc_p.l(entry7b.o)
    0x080000c8   0x00000000   Code   RO         4479    .ARM.Collect$$$$0000000A  mc_p.l(entry8b.o)
    0x080000c8   0x00000008   Code   RO         4480    .ARM.Collect$$$$0000000B  mc_p.l(entry9a.o)
    0x080000d0   0x00000000   Code   RO         4482    .ARM.Collect$$$$0000000D  mc_p.l(entry10a.o)
    0x080000d0   0x00000000   Code   RO         4484    .ARM.Collect$$$$0000000F  mc_p.l(entry11a.o)
    0x080000d0   0x00000004   Code   RO         4473    .ARM.Collect$$$$00002712  mc_p.l(entry2.o)
    0x080000d4   0x0000001c   Code   RO            4    .text               startup_stm32l051xx.o
    0x080000f0   0x0000002c   Code   RO         4191    .text               mc_p.l(uidiv.o)
    0x0800011c   0x00000024   Code   RO         4193    .text               mc_p.l(memcpya.o)
    0x08000140   0x00000024   Code   RO         4195    .text               mc_p.l(memseta.o)
    0x08000164   0x000000d0   Code   RO         4462    .text               mf_p.l(dmul.o)
    0x08000234   0x000000f0   Code   RO         4464    .text               mf_p.l(ddiv.o)
    0x08000324   0x0000002c   Code   RO         4466    .text               mf_p.l(dscalb.o)
    0x08000350   0x0000001c   Code   RO         4468    .text               mf_p.l(dfltui.o)
    0x0800036c   0x0000003c   Code   RO         4470    .text               mf_p.l(dfixui.o)
    0x080003a8   0x00000060   Code   RO         4487    .text               mc_p.l(uldiv.o)
    0x08000408   0x00000022   Code   RO         4489    .text               mc_p.l(llushr.o)
    0x0800042a   0x00000000   Code   RO         4491    .text               mc_p.l(iusefp.o)
    0x0800042a   0x000000be   Code   RO         4492    .text               mf_p.l(depilogue.o)
    0x080004e8   0x00000024   Code   RO         4502    .text               mc_p.l(init.o)
    0x0800050c   0x00000020   Code   RO         4504    .text               mc_p.l(llshl.o)
    0x0800052c   0x00000010   Code   RO          156    i.ADC1_COMP_IRQHandler  stm32l0xx_it.o
    0x0800053c   0x00000024   Code   RO         1448    i.ADC_DelayMicroSecond  stm32l0xx_hal_adc.o
    0x08000560   0x00000064   Code   RO         1450    i.ADC_Enable        stm32l0xx_hal_adc.o
    0x080005c4   0x0000002c   Code   RO          580    i.ADXL375_Get       shakesensor_app.o
    0x080005f0   0x00000034   Code   RO          581    i.ADXL375_INT1_IRQHandler  shakesensor_app.o
    0x08000624   0x00000040   Code   RO          582    i.ADXL375_INT1_Judge  shakesensor_app.o
    0x08000664   0x00000044   Code   RO          583    i.ADXL375_SPI2_Rd_Onebytes  shakesensor_app.o
    0x080006a8   0x00000044   Code   RO          584    i.ADXL375_SPI2_ReadNbytes  shakesensor_app.o
    0x080006ec   0x00000020   Code   RO          586    i.ADXL375_WhoAmI_check  shakesensor_app.o
    0x0800070c   0x0000003c   Code   RO          587    i.ADXL375_Wr_OneByte  shakesensor_app.o
    0x08000748   0x00000254   Code   RO          588    i.ADXL375_init      shakesensor_app.o
    0x0800099c   0x00000010   Code   RO          157    i.DMA1_Channel1_IRQHandler  stm32l0xx_it.o
    0x080009ac   0x00000010   Code   RO          158    i.DMA1_Channel4_5_6_7_IRQHandler  stm32l0xx_it.o
    0x080009bc   0x000000ac   Code   RO          591    i.Devices_Init_Total  shakesensor_app.o
    0x08000a68   0x000002c4   Code   RO          592    i.EEPROM_of_SYS_Init  shakesensor_app.o
    0x08000d2c   0x00000024   Code   RO          159    i.EXTI4_15_IRQHandler  stm32l0xx_it.o
    0x08000d50   0x00000018   Code   RO          593    i.Function_test     shakesensor_app.o
    0x08000d68   0x00000094   Code   RO         1452    i.HAL_ADC_ConfigChannel  stm32l0xx_hal_adc.o
    0x08000dfc   0x00000002   Code   RO         1453    i.HAL_ADC_ConvCpltCallback  stm32l0xx_hal_adc.o
    0x08000dfe   0x00000002   Code   RO         1456    i.HAL_ADC_ErrorCallback  stm32l0xx_hal_adc.o
    0x08000e00   0x00000006   Code   RO         1459    i.HAL_ADC_GetValue  stm32l0xx_hal_adc.o
    0x08000e06   0x000000d0   Code   RO         1460    i.HAL_ADC_IRQHandler  stm32l0xx_hal_adc.o
    0x08000ed6   0x00000002   PAD
    0x08000ed8   0x000001c4   Code   RO         1461    i.HAL_ADC_Init      stm32l0xx_hal_adc.o
    0x0800109c   0x00000002   Code   RO         1462    i.HAL_ADC_LevelOutOfWindowCallback  stm32l0xx_hal_adc.o
    0x0800109e   0x00000002   PAD
    0x080010a0   0x00000068   Code   RO          300    i.HAL_ADC_MspInit   stm32l0xx_hal_msp.o
    0x08001108   0x0000005c   Code   RO         1467    i.HAL_ADC_Start     stm32l0xx_hal_adc.o
    0x08001164   0x00000280   Code   RO          977    i.HAL_DMA_IRQHandler  stm32l0xx_hal_dma.o
    0x080013e4   0x00000108   Code   RO          978    i.HAL_DMA_Init      stm32l0xx_hal_dma.o
    0x080014ec   0x00000016   Code   RO         1634    i.HAL_Delay         stm32l0xx_hal.o
    0x08001502   0x00000002   PAD
    0x08001504   0x000000e4   Code   RO         2807    i.HAL_GPIO_DeInit   stm32l0xx_hal_gpio.o
    0x080015e8   0x00000002   Code   RO         2808    i.HAL_GPIO_EXTI_Callback  stm32l0xx_hal_gpio.o
    0x080015ea   0x00000002   PAD
    0x080015ec   0x00000018   Code   RO         2809    i.HAL_GPIO_EXTI_IRQHandler  stm32l0xx_hal_gpio.o
    0x08001604   0x00000178   Code   RO         2810    i.HAL_GPIO_Init     stm32l0xx_hal_gpio.o
    0x0800177c   0x0000000a   Code   RO         2812    i.HAL_GPIO_ReadPin  stm32l0xx_hal_gpio.o
    0x08001786   0x0000000c   Code   RO         2814    i.HAL_GPIO_WritePin  stm32l0xx_hal_gpio.o
    0x08001792   0x00000002   PAD
    0x08001794   0x0000000c   Code   RO         1638    i.HAL_GetTick       stm32l0xx_hal.o
    0x080017a0   0x00000060   Code   RO         2326    i.HAL_I2CEx_ConfigAnalogFilter  stm32l0xx_hal_i2c_ex.o
    0x08001800   0x00000004   Code   RO         2430    i.HAL_I2C_GetError  stm32l0xx_hal_i2c.o
    0x08001804   0x000000a4   Code   RO         2432    i.HAL_I2C_Init      stm32l0xx_hal_i2c.o
    0x080018a8   0x000000ec   Code   RO         2436    i.HAL_I2C_Master_Receive  stm32l0xx_hal_i2c.o
    0x08001994   0x000000ec   Code   RO         2439    i.HAL_I2C_Master_Transmit  stm32l0xx_hal_i2c.o
    0x08001a80   0x0000006c   Code   RO          302    i.HAL_I2C_MspInit   stm32l0xx_hal_msp.o
    0x08001aec   0x00000010   Code   RO         1639    i.HAL_IncTick       stm32l0xx_hal.o
    0x08001afc   0x00000020   Code   RO         1640    i.HAL_Init          stm32l0xx_hal.o
    0x08001b1c   0x00000022   Code   RO         1641    i.HAL_InitTick      stm32l0xx_hal.o
    0x08001b3e   0x00000002   PAD
    0x08001b40   0x0000001c   Code   RO          303    i.HAL_MspInit       stm32l0xx_hal_msp.o
    0x08001b5c   0x00000014   Code   RO         2974    i.HAL_NVIC_DisableIRQ  stm32l0xx_hal_cortex.o
    0x08001b70   0x00000014   Code   RO         2975    i.HAL_NVIC_EnableIRQ  stm32l0xx_hal_cortex.o
    0x08001b84   0x00000008   Code   RO         2979    i.HAL_NVIC_SetPriority  stm32l0xx_hal_cortex.o
    0x08001b8c   0x0000014c   Code   RO         2746    i.HAL_RCCEx_PeriphCLKConfig  stm32l0xx_hal_rcc_ex.o
    0x08001cd8   0x0000014c   Code   RO         3073    i.HAL_RCC_ClockConfig  stm32l0xx_hal_rcc.o
    0x08001e24   0x00000028   Code   RO         3077    i.HAL_RCC_GetHCLKFreq  stm32l0xx_hal_rcc.o
    0x08001e4c   0x00000020   Code   RO         3079    i.HAL_RCC_GetPCLK1Freq  stm32l0xx_hal_rcc.o
    0x08001e6c   0x00000020   Code   RO         3080    i.HAL_RCC_GetPCLK2Freq  stm32l0xx_hal_rcc.o
    0x08001e8c   0x0000007c   Code   RO         3081    i.HAL_RCC_GetSysClockFreq  stm32l0xx_hal_rcc.o
    0x08001f08   0x000003b4   Code   RO         3084    i.HAL_RCC_OscConfig  stm32l0xx_hal_rcc.o
    0x080022bc   0x0000004e   Code   RO         3862    i.HAL_RTCEx_SetCalibrationOutPut  stm32l0xx_hal_rtc_ex.o
    0x0800230a   0x000000c4   Code   RO         3870    i.HAL_RTCEx_SetWakeUpTimer  stm32l0xx_hal_rtc_ex.o
    0x080023ce   0x00000002   PAD
    0x080023d0   0x000000a4   Code   RO         4065    i.HAL_RTC_Init      stm32l0xx_hal_rtc.o
    0x08002474   0x00000020   Code   RO          305    i.HAL_RTC_MspInit   stm32l0xx_hal_msp.o
    0x08002494   0x000000cc   Code   RO         4071    i.HAL_RTC_SetDate   stm32l0xx_hal_rtc.o
    0x08002560   0x000000f0   Code   RO         4072    i.HAL_RTC_SetTime   stm32l0xx_hal_rtc.o
    0x08002650   0x00000034   Code   RO         4073    i.HAL_RTC_WaitForSynchro  stm32l0xx_hal_rtc.o
    0x08002684   0x00000002   Code   RO         1213    i.HAL_SPI_ErrorCallback  stm32l0xx_hal_spi.o
    0x08002686   0x000000c2   Code   RO         1216    i.HAL_SPI_IRQHandler  stm32l0xx_hal_spi.o
    0x08002748   0x00000084   Code   RO         1217    i.HAL_SPI_Init      stm32l0xx_hal_spi.o
    0x080027cc   0x00000054   Code   RO          306    i.HAL_SPI_MspDeInit  stm32l0xx_hal_msp.o
    0x08002820   0x00000088   Code   RO          307    i.HAL_SPI_MspInit   stm32l0xx_hal_msp.o
    0x080028a8   0x000001d4   Code   RO         1220    i.HAL_SPI_Receive   stm32l0xx_hal_spi.o
    0x08002a7c   0x000000ac   Code   RO         1222    i.HAL_SPI_Receive_IT  stm32l0xx_hal_spi.o
    0x08002b28   0x00000002   Code   RO         1223    i.HAL_SPI_RxCpltCallback  stm32l0xx_hal_spi.o
    0x08002b2a   0x00000150   Code   RO         1225    i.HAL_SPI_Transmit  stm32l0xx_hal_spi.o
    0x08002c7a   0x000002b8   Code   RO         1226    i.HAL_SPI_TransmitReceive  stm32l0xx_hal_spi.o
    0x08002f32   0x00000002   PAD
    0x08002f34   0x000000a4   Code   RO         1228    i.HAL_SPI_TransmitReceive_IT  stm32l0xx_hal_spi.o
    0x08002fd8   0x000000a0   Code   RO         1230    i.HAL_SPI_Transmit_IT  stm32l0xx_hal_spi.o
    0x08003078   0x00000002   Code   RO         1231    i.HAL_SPI_TxCpltCallback  stm32l0xx_hal_spi.o
    0x0800307a   0x00000002   Code   RO         1233    i.HAL_SPI_TxRxCpltCallback  stm32l0xx_hal_spi.o
    0x0800307c   0x00000018   Code   RO         2981    i.HAL_SYSTICK_CLKSourceConfig  stm32l0xx_hal_cortex.o
    0x08003094   0x00000002   Code   RO         2982    i.HAL_SYSTICK_Callback  stm32l0xx_hal_cortex.o
    0x08003096   0x00000002   PAD
    0x08003098   0x00000030   Code   RO         2983    i.HAL_SYSTICK_Config  stm32l0xx_hal_cortex.o
    0x080030c8   0x00000008   Code   RO         2984    i.HAL_SYSTICK_IRQHandler  stm32l0xx_hal_cortex.o
    0x080030d0   0x00000048   Code   RO         1803    i.HAL_TIMEx_MasterConfigSynchronization  stm32l0xx_hal_tim_ex.o
    0x08003118   0x00000034   Code   RO         3168    i.HAL_TIM_Base_Init  stm32l0xx_hal_tim.o
    0x0800314c   0x0000002c   Code   RO          309    i.HAL_TIM_Base_MspInit  stm32l0xx_hal_msp.o
    0x08003178   0x00000016   Code   RO         3173    i.HAL_TIM_Base_Start_IT  stm32l0xx_hal_tim.o
    0x0800318e   0x000000ee   Code   RO         3177    i.HAL_TIM_ConfigClockSource  stm32l0xx_hal_tim.o
    0x0800327c   0x00000002   Code   RO         3197    i.HAL_TIM_IC_CaptureCallback  stm32l0xx_hal_tim.o
    0x0800327e   0x00000124   Code   RO         3210    i.HAL_TIM_IRQHandler  stm32l0xx_hal_tim.o
    0x080033a2   0x00000002   Code   RO         3213    i.HAL_TIM_OC_DelayElapsedCallback  stm32l0xx_hal_tim.o
    0x080033a4   0x00000002   Code   RO         3240    i.HAL_TIM_PWM_PulseFinishedCallback  stm32l0xx_hal_tim.o
    0x080033a6   0x00000002   Code   RO         3251    i.HAL_TIM_TriggerCallback  stm32l0xx_hal_tim.o
    0x080033a8   0x00000002   Code   RO         2089    i.HAL_UARTEx_WakeupCallback  stm32l0xx_hal_uart_ex.o
    0x080033aa   0x00000002   Code   RO         1842    i.HAL_UART_ErrorCallback  stm32l0xx_hal_uart.o
    0x080033ac   0x000000f0   Code   RO         1845    i.HAL_UART_IRQHandler  stm32l0xx_hal_uart.o
    0x0800349c   0x00000068   Code   RO         1846    i.HAL_UART_Init     stm32l0xx_hal_uart.o
    0x08003504   0x00000078   Code   RO          311    i.HAL_UART_MspInit  stm32l0xx_hal_msp.o
    0x0800357c   0x000000ac   Code   RO         1851    i.HAL_UART_Receive_IT  stm32l0xx_hal_uart.o
    0x08003628   0x00000084   Code   RO         1852    i.HAL_UART_RxCpltCallback  stm32l0xx_hal_uart.o
    0x080036ac   0x00000064   Code   RO         1856    i.HAL_UART_Transmit_IT  stm32l0xx_hal_uart.o
    0x08003710   0x00000002   Code   RO         1857    i.HAL_UART_TxCpltCallback  stm32l0xx_hal_uart.o
    0x08003712   0x00000026   Code   RO         2146    i.HAL_WWDG_IRQHandler  stm32l0xx_hal_wwdg.o
    0x08003738   0x00000056   Code   RO         2147    i.HAL_WWDG_Init     stm32l0xx_hal_wwdg.o
    0x0800378e   0x00000002   PAD
    0x08003790   0x00000030   Code   RO          313    i.HAL_WWDG_MspInit  stm32l0xx_hal_msp.o
    0x080037c0   0x00000002   Code   RO         2153    i.HAL_WWDG_WakeupCallback  stm32l0xx_hal_wwdg.o
    0x080037c2   0x00000002   PAD
    0x080037c4   0x00000068   Code   RO          594    i.HMC5883L_Get      shakesensor_app.o
    0x0800382c   0x000000d0   Code   RO          595    i.HMC5883L_Init     shakesensor_app.o
    0x080038fc   0x00000002   Code   RO          160    i.HardFault_Handler  stm32l0xx_it.o
    0x080038fe   0x00000002   PAD
    0x08003900   0x000000a0   Code   RO         2467    i.I2C_IsAcknowledgeFailed  stm32l0xx_hal_i2c.o
    0x080039a0   0x00000024   Code   RO         2474    i.I2C_TransferConfig  stm32l0xx_hal_i2c.o
    0x080039c4   0x00000070   Code   RO         2475    i.I2C_WaitOnFlagUntilTimeout  stm32l0xx_hal_i2c.o
    0x08003a34   0x00000080   Code   RO         2476    i.I2C_WaitOnRXNEFlagUntilTimeout  stm32l0xx_hal_i2c.o
    0x08003ab4   0x00000050   Code   RO         2477    i.I2C_WaitOnSTOPFlagUntilTimeout  stm32l0xx_hal_i2c.o
    0x08003b04   0x00000054   Code   RO         2478    i.I2C_WaitOnTXISFlagUntilTimeout  stm32l0xx_hal_i2c.o
    0x08003b58   0x000001e0   Code   RO          596    i.Init_L3GD20H      shakesensor_app.o
    0x08003d38   0x00000050   Code   RO          597    i.Key_Check         shakesensor_app.o
    0x08003d88   0x00000038   Code   RO          598    i.L3GD20H_GET       shakesensor_app.o
    0x08003dc0   0x00000044   Code   RO          600    i.L3GD20H_SPI2_ReadNbytes  shakesensor_app.o
    0x08003e04   0x0000003c   Code   RO          601    i.L3GD20H_SPI2_Wr_1_bytes  shakesensor_app.o
    0x08003e40   0x00000044   Code   RO          603    i.L3GD20H_WhoAmI_check  shakesensor_app.o
    0x08003e84   0x00000010   Code   RO          161    i.LPUART1_IRQHandler  stm32l0xx_it.o
    0x08003e94   0x00000054   Code   RO          404    i.MX_ADC_Init       main.o
    0x08003ee8   0x00000028   Code   RO          405    i.MX_DMA_Init       main.o
    0x08003f10   0x0000011c   Code   RO          406    i.MX_GPIO_Init      main.o
    0x0800402c   0x00000038   Code   RO          407    i.MX_I2C1_Init      main.o
    0x08004064   0x00000038   Code   RO          408    i.MX_I2C2_Init      main.o
    0x0800409c   0x0000003c   Code   RO          409    i.MX_LPUART1_UART_Init  main.o
    0x080040d8   0x00000094   Code   RO          410    i.MX_NVIC_Init      main.o
    0x0800416c   0x00000070   Code   RO          411    i.MX_RTC_Init       main.o
    0x080041dc   0x0000003c   Code   RO          412    i.MX_SPI1_Init      main.o
    0x08004218   0x0000003c   Code   RO          413    i.MX_SPI2_Init_ADXL375  main.o
    0x08004254   0x0000003c   Code   RO          414    i.MX_SPI2_Init_L3GD20H  main.o
    0x08004290   0x00000040   Code   RO          415    i.MX_TIM2_Init      main.o
    0x080042d0   0x00000020   Code   RO          416    i.MX_WWDG_Init      main.o
    0x080042f0   0x00000002   Code   RO          162    i.NMI_Handler       stm32l0xx_it.o
    0x080042f2   0x00000002   PAD
    0x080042f4   0x00000044   Code   RO         2985    i.NVIC_SetPriority  stm32l0xx_hal_cortex.o
    0x08004338   0x00000014   Code   RO          417    i.Output_Data       main.o
    0x0800434c   0x0000003e   Code   RO          604    i.Protocol7E_Decode  shakesensor_app.o
    0x0800438a   0x0000003a   Code   RO          605    i.Protocol7E_Encode  shakesensor_app.o
    0x080043c4   0x0000010c   Code   RO          606    i.RTC8564_Get       shakesensor_app.o
    0x080044d0   0x000000b0   Code   RO          607    i.RTC8564_Init      shakesensor_app.o
    0x08004580   0x00000264   Code   RO          608    i.RTC8564_Set       shakesensor_app.o
    0x080047e4   0x00000010   Code   RO         4074    i.RTC_Bcd2ToByte    stm32l0xx_hal_rtc.o
    0x080047f4   0x00000016   Code   RO         4075    i.RTC_ByteToBcd2    stm32l0xx_hal_rtc.o
    0x0800480a   0x00000038   Code   RO         4076    i.RTC_EnterInitMode  stm32l0xx_hal_rtc.o
    0x08004842   0x00000002   PAD
    0x08004844   0x00000368   Code   RO          610    i.Rx_CMD_process    shakesensor_app.o
    0x08004bac   0x00000054   Code   RO          611    i.SHK_Check_EventHppen_Again  shakesensor_app.o
    0x08004c00   0x000000a4   Code   RO          612    i.SHK_Event_SaveEnd  shakesensor_app.o
    0x08004ca4   0x00000090   Code   RO          613    i.SHK_OutPut_AllEvent_Protocol  shakesensor_app.o
    0x08004d34   0x000000f4   Code   RO          614    i.SHK_OutPut_OneEvent_Protocol  shakesensor_app.o
    0x08004e28   0x00000018   Code   RO          615    i.SHK_SampleData_TrigEnable  shakesensor_app.o
    0x08004e40   0x00000170   Code   RO          616    i.SHK_SaveData_Checking  shakesensor_app.o
    0x08004fb0   0x000000a0   Code   RO          617    i.SHK_SaveData_Output  shakesensor_app.o
    0x08005050   0x00000010   Code   RO          618    i.SHK_Sensor_data_Get  shakesensor_app.o
    0x08005060   0x00000010   Code   RO          163    i.SPI1_IRQHandler   stm32l0xx_it.o
    0x08005070   0x00000010   Code   RO          164    i.SPI2_IRQHandler   stm32l0xx_it.o
    0x08005080   0x00000030   Code   RO         1235    i.SPI_2LinesRxISR   stm32l0xx_hal_spi.o
    0x080050b0   0x000000d0   Code   RO         1243    i.SPI_RxCloseIRQHandler  stm32l0xx_hal_spi.o
    0x08005180   0x0000004e   Code   RO         1244    i.SPI_RxISR         stm32l0xx_hal_spi.o
    0x080051ce   0x00000084   Code   RO         1245    i.SPI_TxCloseIRQHandler  stm32l0xx_hal_spi.o
    0x08005252   0x00000048   Code   RO         1246    i.SPI_TxISR         stm32l0xx_hal_spi.o
    0x0800529a   0x000000b2   Code   RO         1247    i.SPI_WaitOnFlagUntilTimeout  stm32l0xx_hal_spi.o
    0x0800534c   0x00000110   Code   RO          619    i.Sample_Get        shakesensor_app.o
    0x0800545c   0x0000000c   Code   RO          165    i.SysTick_Handler   stm32l0xx_it.o
    0x08005468   0x00000088   Code   RO          419    i.SystemClock_Config  main.o
    0x080054f0   0x00000054   Code   RO           13    i.SystemInit        system_stm32l0xx.o
    0x08005544   0x00000084   Code   RO          420    i.System_config_init  main.o
    0x080055c8   0x00000010   Code   RO          166    i.TIM2_IRQHandler   stm32l0xx_it.o
    0x080055d8   0x00000030   Code   RO          421    i.TIM2_Service      main.o
    0x08005608   0x00000050   Code   RO         3252    i.TIM_Base_SetConfig  stm32l0xx_hal_tim.o
    0x08005658   0x00000016   Code   RO         3259    i.TIM_ETR_SetConfig  stm32l0xx_hal_tim.o
    0x0800566e   0x00000010   Code   RO         3260    i.TIM_ITRx_SetConfig  stm32l0xx_hal_tim.o
    0x0800567e   0x00000022   Code   RO         3266    i.TIM_TI1_ConfigInputStage  stm32l0xx_hal_tim.o
    0x080056a0   0x00000026   Code   RO         3268    i.TIM_TI2_ConfigInputStage  stm32l0xx_hal_tim.o
    0x080056c6   0x00000002   PAD
    0x080056c8   0x00000018   Code   RO          422    i.U1_Tx_OneByte     main.o
    0x080056e0   0x000000ca   Code   RO         1859    i.UART_AdvFeatureConfig  stm32l0xx_hal_uart.o
    0x080057aa   0x00000002   PAD
    0x080057ac   0x00000054   Code   RO         1860    i.UART_CheckIdleState  stm32l0xx_hal_uart.o
    0x08005800   0x00000094   Code   RO         1866    i.UART_Receive_IT   stm32l0xx_hal_uart.o
    0x08005894   0x00000214   Code   RO         1867    i.UART_SetConfig    stm32l0xx_hal_uart.o
    0x08005aa8   0x0000006e   Code   RO         1868    i.UART_Transmit_IT  stm32l0xx_hal_uart.o
    0x08005b16   0x000000ae   Code   RO         1869    i.UART_WaitOnFlagUntilTimeout  stm32l0xx_hal_uart.o
    0x08005bc4   0x00000040   Code   RO          620    i.USART1_RX_enable  shakesensor_app.o
    0x08005c04   0x00000070   Code   RO          621    i.Voltage_Get       shakesensor_app.o
    0x08005c74   0x00000010   Code   RO          167    i.WWDG_IRQHandler   stm32l0xx_it.o
    0x08005c84   0x00000020   Code   RO         4408    i.__0printf$8       mc_p.l(printf8.o)
    0x08005ca4   0x0000002e   Code   RO         4494    i.__ARM_clz         mf_p.l(depilogue.o)
    0x08005cd2   0x0000001a   Code   RO          947    i.__ARM_common_switch8  shakesensor_app.o
    0x08005cec   0x0000000e   Code   RO         4510    i.__scatterload_copy  mc_p.l(handlers.o)
    0x08005cfa   0x00000002   Code   RO         4511    i.__scatterload_null  mc_p.l(handlers.o)
    0x08005cfc   0x0000000e   Code   RO         4512    i.__scatterload_zeroinit  mc_p.l(handlers.o)
    0x08005d0a   0x00000002   PAD
    0x08005d0c   0x00000428   Code   RO         4415    i._printf_core      mc_p.l(printf8.o)
    0x08006134   0x00000020   Code   RO         4416    i._printf_post_padding  mc_p.l(printf8.o)
    0x08006154   0x0000002c   Code   RO         4417    i._printf_pre_padding  mc_p.l(printf8.o)
    0x08006180   0x0000000e   Code   RO          622    i.bcd2bin           shakesensor_app.o
    0x0800618e   0x00000002   PAD
    0x08006190   0x00000084   Code   RO          628    i.eeprom_multipleread  shakesensor_app.o
    0x08006214   0x0000006c   Code   RO          629    i.eeprom_read_reg   shakesensor_app.o
    0x08006280   0x00000010   Code   RO          630    i.eeprom_waitforwriteend  shakesensor_app.o
    0x08006290   0x00000044   Code   RO          631    i.eeprom_wrdisable  shakesensor_app.o
    0x080062d4   0x00000048   Code   RO          632    i.eeprom_wren       shakesensor_app.o
    0x0800631c   0x00000084   Code   RO          633    i.eeprom_writemultipledata  shakesensor_app.o
    0x080063a0   0x00000018   Code   RO          425    i.fputc             main.o
    0x080063b8   0x000000e8   Code   RO          634    i.get_chipid        shakesensor_app.o
    0x080064a0   0x000000e0   Code   RO          426    i.main              main.o
    0x08006580   0x00000044   Code   RO          635    i.readi2c_nbyte     shakesensor_app.o
    0x080065c4   0x00000024   Code   RO          636    i.spi1_write        shakesensor_app.o
    0x080065e8   0x00000030   Code   RO          637    i.spi2_write        shakesensor_app.o
    0x08006618   0x00000050   Code   RO          638    i.writei2c_byte     shakesensor_app.o
    0x08006668   0x00000019   Data   RO           14    .constdata          system_stm32l0xx.o
    0x08006681   0x00000010   Data   RO         3085    .constdata          stm32l0xx_hal_rcc.o
    0x08006691   0x00000003   PAD
    0x08006694   0x00000302   Data   RO          642    .conststring        shakesensor_app.o
    0x08006996   0x00000002   PAD
    0x08006998   0x00000020   Data   RO         4508    Region$$Table       anon$$obj.o


    Execution Region RW_IRAM1 (Base: 0x20000000, Size: 0x00001168, Max: 0x00002000, ABSOLUTE)

    Base Addr    Size         Type   Attr      Idx    E Section Name        Object

    0x20000000   0x00000004   Data   RW           15    .data               system_stm32l0xx.o
    0x20000004   0x00000004   Data   RW          437    .data               main.o
    0x20000008   0x00000002   Data   RW          438    .data               main.o
    0x2000000a   0x00000001   Data   RW          439    .data               main.o
    0x2000000b   0x00000001   Data   RW          440    .data               main.o
    0x2000000c   0x00000001   Data   RW          441    .data               main.o
    0x2000000d   0x00000001   Data   RW          442    .data               main.o
    0x2000000e   0x00000002   Data   RW          443    .data               main.o
    0x20000010   0x00000002   Data   RW          444    .data               main.o
    0x20000012   0x00000002   Data   RW          445    .data               main.o
    0x20000014   0x00000004   Data   RW          644    .data               shakesensor_app.o
    0x20000018   0x00000001   Data   RW          646    .data               shakesensor_app.o
    0x20000019   0x00000001   PAD
    0x2000001a   0x0000001a   Data   RW          647    .data               shakesensor_app.o
    0x20000034   0x00000004   Data   RW         1652    .data               stm32l0xx_hal.o
    0x20000038   0x00000004   Data   RW         4486    .data               mc_p.l(stdout.o)
    0x2000003c   0x0000038e   Zero   RW          427    .bss                main.o
    0x200003ca   0x00000002   PAD
    0x200003cc   0x0000003c   Zero   RW          428    .bss                main.o
    0x20000408   0x0000003c   Zero   RW          429    .bss                main.o
    0x20000444   0x0000002a   Zero   RW          430    .bss                main.o
    0x2000046e   0x00000002   PAD
    0x20000470   0x00000014   Zero   RW          431    .bss                main.o
    0x20000484   0x00000064   Zero   RW          432    .bss                main.o
    0x200004e8   0x00000064   Zero   RW          433    .bss                main.o
    0x2000054c   0x00000258   Zero   RW          434    .bss                main.o
    0x200007a4   0x00000258   Zero   RW          435    .bss                main.o
    0x200009fc   0x00000208   Zero   RW          436    .bss                main.o
    0x20000c04   0x00000161   Zero   RW          640    .bss                shakesensor_app.o
    0x20000d65   0x00000003   PAD
    0x20000d68   0x00000400   Zero   RW            1    STACK               startup_stm32l051xx.o


==============================================================================

Image component sizes


      Code (inc. data)   RO Data    RW Data    ZI Data      Debug   Object Name

      1724        260          0         16       3012      14294   main.o
      7744       1794        770         31        353      36915   shakesensor_app.o
        28          8        192          0       1024        628   startup_stm32l051xx.o
       116         18          0          4          0       3550   stm32l0xx_hal.o
      1048         38          0          0          0       7213   stm32l0xx_hal_adc.o
       198         34          0          0          0      12845   stm32l0xx_hal_cortex.o
       904         16          0          0          0       2316   stm32l0xx_hal_dma.o
       652         62          0          0          0       4893   stm32l0xx_hal_gpio.o
      1240         30          0          0          0       9501   stm32l0xx_hal_i2c.o
        96          0          0          0          0       1143   stm32l0xx_hal_i2c_ex.o
       704        120          0          0          0       5502   stm32l0xx_hal_msp.o
      1508         88         16          0          0       6268   stm32l0xx_hal_rcc.o
       332         14          0          0          0       1456   stm32l0xx_hal_rcc_ex.o
       754         14          0          0          0       5612   stm32l0xx_hal_rtc.o
       274          0          0          0          0       2216   stm32l0xx_hal_rtc_ex.o
      3046         20          0          0          0      14824   stm32l0xx_hal_spi.o
       802         10          0          0          0       9266   stm32l0xx_hal_tim.o
        72          0          0          0          0       1148   stm32l0xx_hal_tim_ex.o
      2002        114          0          0          0      10597   stm32l0xx_hal_uart.o
         2          0          0          0          0       1008   stm32l0xx_hal_uart_ex.o
       126          0          0          0          0       2156   stm32l0xx_hal_wwdg.o
       180         56          0          0          0       9348   stm32l0xx_it.o
        84         18         25          4          0     266257   system_stm32l0xx.o

    ----------------------------------------------------------------------
     23670       2714       1040         56       4396     428956   Object Totals
         0          0         32          0          0          0   (incl. Generated)
        34          0          5          1          7          0   (incl. Padding)

    ----------------------------------------------------------------------

      Code (inc. data)   RO Data    RW Data    ZI Data      Debug   Library Member Name

         0          0          0          0          0          0   entry.o
         0          0          0          0          0          0   entry10a.o
         0          0          0          0          0          0   entry11a.o
         8          4          0          0          0          0   entry2.o
         4          0          0          0          0          0   entry5.o
         0          0          0          0          0          0   entry7b.o
         0          0          0          0          0          0   entry8b.o
         8          4          0          0          0          0   entry9a.o
        30          0          0          0          0          0   handlers.o
        36          8          0          0          0         68   init.o
         0          0          0          0          0          0   iusefp.o
        32          0          0          0          0         68   llshl.o
        34          0          0          0          0         68   llushr.o
        36          0          0          0          0         60   memcpya.o
        36          0          0          0          0        100   memseta.o
      1172         52          0          0          0        324   printf8.o
         0          0          0          4          0          0   stdout.o
        44          0          0          0          0         72   uidiv.o
        96          0          0          0          0         84   uldiv.o
       240          6          0          0          0         84   ddiv.o
       236          0          0          0          0        216   depilogue.o
        60         10          0          0          0         68   dfixui.o
        28          4          0          0          0         68   dfltui.o
       208          6          0          0          0         88   dmul.o
        44          0          0          0          0         72   dscalb.o

    ----------------------------------------------------------------------
      2354         94          0          4          0       1440   Library Totals
         2          0          0          0          0          0   (incl. Padding)

    ----------------------------------------------------------------------

      Code (inc. data)   RO Data    RW Data    ZI Data      Debug   Library Name

      1536         68          0          4          0        844   mc_p.l
       816         26          0          0          0        596   mf_p.l

    ----------------------------------------------------------------------
      2354         94          0          4          0       1440   Library Totals

    ----------------------------------------------------------------------

==============================================================================


      Code (inc. data)   RO Data    RW Data    ZI Data      Debug   

     26024       2808       1040         60       4396     421308   Grand Totals
     26024       2808       1040         60       4396     421308   ELF Image Totals
     26024       2808       1040         60          0          0   ROM Totals

==============================================================================

    Total RO  Size (Code + RO Data)                27064 (  26.43kB)
    Total RW  Size (RW Data + ZI Data)              4456 (   4.35kB)
    Total ROM Size (Code + RO Data + RW Data)      27124 (  26.49kB)

==============================================================================

